../Src/main.c:158:13:Led_Init_red1	16	static
../Src/main.c:170:13:Led_Init_red2	16	static
../Src/main.c:182:13:Led_Init_blue1	16	static
../Src/main.c:194:13:Led_Init_blue2	16	static
../Src/main.c:206:13:Led_Init_b	16	static
../Src/main.c:218:13:Button_Init	16	static
../Src/main.c:229:13:Button_Init_b3	16	static
../Src/main.c:240:13:Button_Init_b4	16	static
../Src/main.c:251:13:Buzzer_Init	16	static
../Src/main.c:263:13:LEDControl_SetStatus	16	static
../Src/main.c:275:16:ButtonRead_Status	24	static
../Src/main.c:285:13:BuzzerControl_SetStatus	16	static
../Src/main.c:298:5:main	24	static
../Src/main.c:402:6:delay_ms	24	static
../Src/main.c:418:10:CalculatorTime	24	static
../Src/main.c:435:13:AppCommon	16	static
../Src/main.c:458:13:SPI1_Init	16	static
../Src/main.c:486:13:I2C_Init_temphumi	32	static
../Src/main.c:525:6:I2C_start	8	static
../Src/main.c:545:6:I2C_address_direction	16	static
../Src/main.c:568:6:I2C_transmit	16	static
../Src/main.c:584:6:I2C_stop	8	static
../Src/main.c:596:9:I2C_receive_nack	8	static
../Src/main.c:615:9:I2C_receive_ack	8	static
../Src/main.c:633:13:TemHumSensor_readRegister	40	static
../Src/main.c:680:10:GetTemp_Sensor	32	static
../Src/main.c:702:10:GetHumi_Sensor	32	static
../Src/main.c:726:6:processGetValueSensor	16	static
../Src/main.c:781:6:Scan_SensorLCD	16	static
../Src/main.c:798:6:Scan_TimeSensor	24	static
