Archive member included to satisfy reference by file (symbol)

D:\stm32\stmlumi\ktgiuaky_thuctapcoso_group3\Driver\lib_stm\libLibraries.a(system_stm32f4xx.o)
                              ./Src/main.o (SystemCoreClockUpdate)
D:\stm32\stmlumi\ktgiuaky_thuctapcoso_group3\Driver\lib_stm\libLibraries.a(stm32f401re_gpio.o)
                              ./Src/main.o (GPIO_Init)
D:\stm32\stmlumi\ktgiuaky_thuctapcoso_group3\Driver\lib_stm\libLibraries.a(stm32f401re_i2c.o)
                              ./Src/main.o (I2C_Init)
D:\stm32\stmlumi\ktgiuaky_thuctapcoso_group3\Driver\lib_stm\libLibraries.a(stm32f401re_rcc.o)
                              D:\stm32\stmlumi\ktgiuaky_thuctapcoso_group3\Driver\lib_stm\libLibraries.a(stm32f401re_i2c.o) (RCC_GetClocksFreq)
D:\stm32\stmlumi\ktgiuaky_thuctapcoso_group3\Driver\lib_stm\libLibraries.a(timer.o)
                              ./Src/main.o (TimerInit)
D:\stm32\stmlumi\ktgiuaky_thuctapcoso_group3\Driver\lib_stm\libLibraries.a(temhumsensor.o)
                              ./Src/main.o (TemHumSensor_Init)
D:\stm32\stmlumi\ktgiuaky_thuctapcoso_group3\Driver\lib_stm\libLibraries.a(serial.o)
                              D:\stm32\stmlumi\ktgiuaky_thuctapcoso_group3\Driver\lib_stm\libLibraries.a(temhumsensor.o) (Serial_SendPacket)
D:\stm32\stmlumi\ktgiuaky_thuctapcoso_group3\Driver\lib_stm\libLibraries.a(Ucglib.o)
                              ./Src/main.o (Ucglib4WireSWSPI_begin)
D:\stm32\stmlumi\ktgiuaky_thuctapcoso_group3\Driver\lib_stm\libLibraries.a(ucg_box.o)
                              ./Src/main.o (ucg_ClearScreen)
D:\stm32\stmlumi\ktgiuaky_thuctapcoso_group3\Driver\lib_stm\libLibraries.a(ucg_ccs.o)
                              D:\stm32\stmlumi\ktgiuaky_thuctapcoso_group3\Driver\lib_stm\libLibraries.a(ucg_box.o) (ucg_ccs_init)
D:\stm32\stmlumi\ktgiuaky_thuctapcoso_group3\Driver\lib_stm\libLibraries.a(ucg_circle.o)
                              D:\stm32\stmlumi\ktgiuaky_thuctapcoso_group3\Driver\lib_stm\libLibraries.a(ucg_box.o) (ucg_DrawCircle)
D:\stm32\stmlumi\ktgiuaky_thuctapcoso_group3\Driver\lib_stm\libLibraries.a(ucg_dev_default_cb.o)
                              D:\stm32\stmlumi\ktgiuaky_thuctapcoso_group3\Driver\lib_stm\libLibraries.a(Ucglib.o) (ucg_dev_default_cb)
D:\stm32\stmlumi\ktgiuaky_thuctapcoso_group3\Driver\lib_stm\libLibraries.a(ucg_dev_ic_st7735.o)
                              D:\stm32\stmlumi\ktgiuaky_thuctapcoso_group3\Driver\lib_stm\libLibraries.a(Ucglib.o) (ucg_ext_st7735_18)
D:\stm32\stmlumi\ktgiuaky_thuctapcoso_group3\Driver\lib_stm\libLibraries.a(ucg_dev_msg_api.o)
                              D:\stm32\stmlumi\ktgiuaky_thuctapcoso_group3\Driver\lib_stm\libLibraries.a(ucg_box.o) (ucg_SetMaxClipRange)
D:\stm32\stmlumi\ktgiuaky_thuctapcoso_group3\Driver\lib_stm\libLibraries.a(ucg_dev_tft_128x128_st7735.o)
                              D:\stm32\stmlumi\ktgiuaky_thuctapcoso_group3\Driver\lib_stm\libLibraries.a(Ucglib.o) (ucg_dev_st7735_18x128x128)
D:\stm32\stmlumi\ktgiuaky_thuctapcoso_group3\Driver\lib_stm\libLibraries.a(ucg_font.o)
                              D:\stm32\stmlumi\ktgiuaky_thuctapcoso_group3\Driver\lib_stm\libLibraries.a(Ucglib.o) (ucg_SetFontMode)
D:\stm32\stmlumi\ktgiuaky_thuctapcoso_group3\Driver\lib_stm\libLibraries.a(ucg_init.o)
                              D:\stm32\stmlumi\ktgiuaky_thuctapcoso_group3\Driver\lib_stm\libLibraries.a(Ucglib.o) (ucg_Init)
D:\stm32\stmlumi\ktgiuaky_thuctapcoso_group3\Driver\lib_stm\libLibraries.a(ucg_line.o)
                              D:\stm32\stmlumi\ktgiuaky_thuctapcoso_group3\Driver\lib_stm\libLibraries.a(ucg_font.o) (ucg_Draw90Line)
D:\stm32\stmlumi\ktgiuaky_thuctapcoso_group3\Driver\lib_stm\libLibraries.a(ucg_pixel.o)
                              ./Src/main.o (ucg_SetColor)
D:\stm32\stmlumi\ktgiuaky_thuctapcoso_group3\Driver\lib_stm\libLibraries.a(ucg_pixel_font_data.o)
                              ./Src/main.o (ucg_font_ncenR12_hr)
D:\stm32\stmlumi\ktgiuaky_thuctapcoso_group3\Driver\lib_stm\libLibraries.a(ucg_rotate.o)
                              ./Src/main.o (ucg_SetRotate180)
D:\stm32\stmlumi\ktgiuaky_thuctapcoso_group3\Driver\lib_stm\libLibraries.a(buff.o)
                              D:\stm32\stmlumi\ktgiuaky_thuctapcoso_group3\Driver\lib_stm\libLibraries.a(serial.o) (bufInit)
D:\stm32\stmlumi\ktgiuaky_thuctapcoso_group3\Driver\lib_stm\libLibraries.a(utilities.o)
                              D:\stm32\stmlumi\ktgiuaky_thuctapcoso_group3\Driver\lib_stm\libLibraries.a(timer.o) (memsetl)
D:\stm32\stmlumi\ktgiuaky_thuctapcoso_group3\Driver\lib_stm\libLibraries.a(misc.o)
                              D:\stm32\stmlumi\ktgiuaky_thuctapcoso_group3\Driver\lib_stm\libLibraries.a(serial.o) (NVIC_PriorityGroupConfig)
D:\stm32\stmlumi\ktgiuaky_thuctapcoso_group3\Driver\lib_stm\libLibraries.a(stm32f401re_usart.o)
                              D:\stm32\stmlumi\ktgiuaky_thuctapcoso_group3\Driver\lib_stm\libLibraries.a(serial.o) (USART_Init)
[...]
Memory Configuration

Name             Origin             Length             Attributes
RAM              0x0000000020000000 0x0000000000018000 xrw
FLASH            0x0000000008000000 0x0000000000080000 xr
*default*        0x0000000000000000 0xffffffffffffffff

Linker script and memory map

LOAD d:/stm32/stm32cubeide_1.12.1/stm32cubeide/plugins/com.st.stm32cube.ide.mcu.externaltools.gnu-tools-for-stm32.10.3-2021.10.win32_1.0.200.202301161003/tools/bin/../lib/gcc/arm-none-eabi/10.3.1/thumb/v7e-m+fp/hard/crti.o
LOAD d:/stm32/stm32cubeide_1.12.1/stm32cubeide/plugins/com.st.stm32cube.ide.mcu.externaltools.gnu-tools-for-stm32.10.3-2021.10.win32_1.0.200.202301161003/tools/bin/../lib/gcc/arm-none-eabi/10.3.1/thumb/v7e-m+fp/hard/crtbegin.o
LOAD d:/stm32/stm32cubeide_1.12.1/stm32cubeide/plugins/com.st.stm32cube.ide.mcu.externaltools.gnu-tools-for-stm32.10.3-2021.10.win32_1.0.200.202301161003/tools/bin/../lib/gcc/arm-none-eabi/10.3.1/../../../../arm-none-eabi/lib/thumb/v7e-m+fp/hard/crt0.o
LOAD ./Src/main.o
LOAD ./Src/syscalls.o
LOAD ./Src/sysmem.o
LOAD ./Startup/startup_stm32f401retx.o
LOAD D:\stm32\stmlumi\ktgiuaky_thuctapcoso_group3\Driver\lib_stm\libLibraries.a
START GROUP
LOAD d:/stm32/stm32cubeide_1.12.1/stm32cubeide/plugins/com.st.stm32cube.ide.mcu.externaltools.gnu-tools-for-stm32.10.3-2021.10.win32_1.0.200.202301161003/tools/bin/../lib/gcc/arm-none-eabi/10.3.1/../../../../arm-none-eabi/lib/thumb/v7e-m+fp/hard\libc_nano.a
LOAD d:/stm32/stm32cubeide_1.12.1/stm32cubeide/plugins/com.st.stm32cube.ide.mcu.externaltools.gnu-tools-for-stm32.10.3-2021.10.win32_1.0.200.202301161003/tools/bin/../lib/gcc/arm-none-eabi/10.3.1/../../../../arm-none-eabi/lib/thumb/v7e-m+fp/hard\libm.a
END GROUP
START GROUP
LOAD d:/stm32/stm32cubeide_1.12.1/stm32cubeide/plugins/com.st.stm32cube.ide.mcu.externaltools.gnu-tools-for-stm32.10.3-2021.10.win32_1.0.200.202301161003/tools/bin/../lib/gcc/arm-none-eabi/10.3.1/thumb/v7e-m+fp/hard\libgcc.a
LOAD d:/stm32/stm32cubeide_1.12.1/stm32cubeide/plugins/com.st.stm32cube.ide.mcu.externaltools.gnu-tools-for-stm32.10.3-2021.10.win32_1.0.200.202301161003/tools/bin/../lib/gcc/arm-none-eabi/10.3.1/../../../../arm-none-eabi/lib/thumb/v7e-m+fp/hard\libc_nano.a
END GROUP
START GROUP
LOAD d:/stm32/stm32cubeide_1.12.1/stm32cubeide/plugins/com.st.stm32cube.ide.mcu.externaltools.gnu-tools-for-stm32.10.3-2021.10.win32_1.0.200.202301161003/tools/bin/../lib/gcc/arm-none-eabi/10.3.1/thumb/v7e-m+fp/hard\libgcc.a
LOAD d:/stm32/stm32cubeide_1.12.1/stm32cubeide/plugins/com.st.stm32cube.ide.mcu.externaltools.gnu-tools-for-stm32.10.3-2021.10.win32_1.0.200.202301161003/tools/bin/../lib/gcc/arm-none-eabi/10.3.1/../../../../arm-none-eabi/lib/thumb/v7e-m+fp/hard\libc_nano.a
LOAD d:/stm32/stm32cubeide_1.12.1/stm32cubeide/plugins/com.st.stm32cube.ide.mcu.externaltools.gnu-tools-for-stm32.10.3-2021.10.win32_1.0.200.202301161003/tools/bin/../lib/gcc/arm-none-eabi/10.3.1/../../../../arm-none-eabi/lib/thumb/v7e-m+fp/hard\libnosys.a
END GROUP
START GROUP
LOAD d:/stm32/stm32cubeide_1.12.1/stm32cubeide/plugins/com.st.stm32cube.ide.mcu.externaltools.gnu-tools-for-stm32.10.3-2021.10.win32_1.0.200.202301161003/tools/bin/../lib/gcc/arm-none-eabi/10.3.1/thumb/v7e-m+fp/hard\libgcc.a
LOAD d:/stm32/stm32cubeide_1.12.1/stm32cubeide/plugins/com.st.stm32cube.ide.mcu.externaltools.gnu-tools-for-stm32.10.3-2021.10.win32_1.0.200.202301161003/tools/bin/../lib/gcc/arm-none-eabi/10.3.1/../../../../arm-none-eabi/lib/thumb/v7e-m+fp/hard\libc_nano.a
LOAD d:/stm32/stm32cubeide_1.12.1/stm32cubeide/plugins/com.st.stm32cube.ide.mcu.externaltools.gnu-tools-for-stm32.10.3-2021.10.win32_1.0.200.202301161003/tools/bin/../lib/gcc/arm-none-eabi/10.3.1/../../../../arm-none-eabi/lib/thumb/v7e-m+fp/hard\libnosys.a
END GROUP
LOAD d:/stm32/stm32cubeide_1.12.1/stm32cubeide/plugins/com.st.stm32cube.ide.mcu.externaltools.gnu-tools-for-stm32.10.3-2021.10.win32_1.0.200.202301161003/tools/bin/../lib/gcc/arm-none-eabi/10.3.1/thumb/v7e-m+fp/hard/crtend.o
LOAD d:/stm32/stm32cubeide_1.12.1/stm32cubeide/plugins/com.st.stm32cube.ide.mcu.externaltools.gnu-tools-for-stm32.10.3-2021.10.win32_1.0.200.202301161003/tools/bin/../lib/gcc/arm-none-eabi/10.3.1/thumb/v7e-m+fp/hard/crtn.o
                0x0000000020018000                _estack = (ORIGIN (RAM) + LENGTH (RAM))
                0x0000000000000200                _Min_Heap_Size = 0x200
                0x0000000000000400                _Min_Stack_Size = 0x400

.isr_vector     0x0000000008000000      0x194
                0x0000000008000000                . = ALIGN (0x4)
 *(.isr_vector)
 .isr_vector    0x0000000008000000      0x194 ./Startup/startup_stm32f401retx.o
                0x0000000008000000                g_pfnVectors
                0x0000000008000194                . = ALIGN (0x4)

.text           0x00000000080001a0     0x4b98
                0x00000000080001a0                . = ALIGN (0x4)
 *(.text)
 .text          0x00000000080001a0       0x40 d:/stm32/stm32cubeide_1.12.1/stm32cubeide/plugins/com.st.stm32cube.ide.mcu.externaltools.gnu-tools-for-stm32.10.3-2021.10.win32_1.0.200.202301161003/tools/bin/../lib/gcc/arm-none-eabi/10.3.1/thumb/v7e-m+fp/hard/crtbegin.o
 .text          0x00000000080001e0       0xa0 d:/stm32/stm32cubeide_1.12.1/stm32cubeide/plugins/com.st.stm32cube.ide.mcu.externaltools.gnu-tools-for-stm32.10.3-2021.10.win32_1.0.200.202301161003/tools/bin/../lib/gcc/arm-none-eabi/10.3.1/../../../../arm-none-eabi/lib/thumb/v7e-m+fp/hard\libc_nano.a(lib_a-memchr.o)
                0x00000000080001e0                memchr
 *(.text*)
 .text.Led_Init_red1
                0x0000000008000280       0x38 ./Src/main.o
 .text.Led_Init_red2
                0x00000000080002b8       0x3c ./Src/main.o
 .text.Led_Init_blue1
                0x00000000080002f4       0x38 ./Src/main.o
 .text.Led_Init_blue2
                0x000000000800032c       0x3c ./Src/main.o
 .text.Led_Init_b
                0x0000000008000368       0x38 ./Src/main.o
 .text.Button_Init
                0x00000000080003a0       0x34 ./Src/main.o
 .text.Button_Init_b3
                0x00000000080003d4       0x34 ./Src/main.o
 .text.Button_Init_b4
                0x0000000008000408       0x34 ./Src/main.o
 .text.Buzzer_Init
                0x000000000800043c       0x3c ./Src/main.o
 .text.LEDControl_SetStatus
                0x0000000008000478       0x60 ./Src/main.o
 .text.ButtonRead_Status
                0x00000000080004d8       0x2e ./Src/main.o
 .text.BuzzerControl_SetStatus
                0x0000000008000506       0x60 ./Src/main.o
 *fill*         0x0000000008000566        0x2 
 .text.main     0x0000000008000568      0x150 ./Src/main.o
                0x0000000008000568                main
 .text.delay_ms
                0x00000000080006b8       0x30 ./Src/main.o
                0x00000000080006b8                delay_ms
 .text.CalculatorTime
                0x00000000080006e8       0x34 ./Src/main.o
                0x00000000080006e8                CalculatorTime
 .text.AppCommon
                0x000000000800071c       0x7c ./Src/main.o
 .text.SPI1_Init
                0x0000000008000798       0x60 ./Src/main.o
 .text.I2C_Init_temphumi
                0x00000000080007f8       0x94 ./Src/main.o
 .text.I2C_start
                0x000000000800088c       0x3c ./Src/main.o
                0x000000000800088c                I2C_start
 .text.I2C_address_direction
                0x00000000080008c8       0x60 ./Src/main.o
                0x00000000080008c8                I2C_address_direction
 .text.I2C_transmit
                0x0000000008000928       0x38 ./Src/main.o
                0x0000000008000928                I2C_transmit
 .text.I2C_stop
                0x0000000008000960       0x14 ./Src/main.o
                0x0000000008000960                I2C_stop
 .text.I2C_receive_nack
                0x0000000008000974       0x30 ./Src/main.o
                0x0000000008000974                I2C_receive_nack
 .text.I2C_receive_ack
                0x00000000080009a4       0x30 ./Src/main.o
                0x00000000080009a4                I2C_receive_ack
 .text.TemHumSensor_readRegister
                0x00000000080009d4       0xba ./Src/main.o
 *fill*         0x0000000008000a8e        0x2 
 .text.GetTemp_Sensor
                0x0000000008000a90       0x64 ./Src/main.o
                0x0000000008000a90                GetTemp_Sensor
 .text.GetHumi_Sensor
                0x0000000008000af4       0x64 ./Src/main.o
                0x0000000008000af4                GetHumi_Sensor
 .text.processGetValueSensor
                0x0000000008000b58      0x1a4 ./Src/main.o
                0x0000000008000b58                processGetValueSensor
 .text.Scan_SensorLCD
                0x0000000008000cfc       0x8c ./Src/main.o
                0x0000000008000cfc                Scan_SensorLCD
 .text.Scan_TimeSensor
                0x0000000008000d88       0x48 ./Src/main.o
                0x0000000008000d88                Scan_TimeSensor
 .text._sbrk    0x0000000008000dd0       0x6c ./Src/sysmem.o
                0x0000000008000dd0                _sbrk
 .text.Reset_Handler
                0x0000000008000e3c       0x50 ./Startup/startup_stm32f401retx.o
                0x0000000008000e3c                Reset_Handler
 .text.Default_Handler
                0x0000000008000e8c        0x2 ./Startup/startup_stm32f401retx.o
                0x0000000008000e8c                EXTI2_IRQHandler
                0x0000000008000e8c                DebugMon_Handler
                0x0000000008000e8c                SPI4_IRQHandler
                0x0000000008000e8c                TIM1_CC_IRQHandler
                0x0000000008000e8c                DMA2_Stream5_IRQHandler
                0x0000000008000e8c                HardFault_Handler
                0x0000000008000e8c                DMA1_Stream5_IRQHandler
                0x0000000008000e8c                SDIO_IRQHandler
                0x0000000008000e8c                TAMP_STAMP_IRQHandler
                0x0000000008000e8c                PendSV_Handler
                0x0000000008000e8c                NMI_Handler
                0x0000000008000e8c                EXTI3_IRQHandler
                0x0000000008000e8c                TIM1_UP_TIM10_IRQHandler
                0x0000000008000e8c                I2C3_ER_IRQHandler
                0x0000000008000e8c                EXTI18_OTG_FS_WKUP_IRQHandler
                0x0000000008000e8c                EXTI0_IRQHandler
                0x0000000008000e8c                I2C2_EV_IRQHandler
                0x0000000008000e8c                DMA1_Stream2_IRQHandler
                0x0000000008000e8c                UsageFault_Handler
                0x0000000008000e8c                DMA2_Stream2_IRQHandler
                0x0000000008000e8c                SPI1_IRQHandler
                0x0000000008000e8c                TIM1_BRK_TIM9_IRQHandler
                0x0000000008000e8c                DMA2_Stream3_IRQHandler
                0x0000000008000e8c                USART6_IRQHandler
                0x0000000008000e8c                DMA2_Stream0_IRQHandler
                0x0000000008000e8c                TIM4_IRQHandler
                0x0000000008000e8c                I2C1_EV_IRQHandler
                0x0000000008000e8c                DMA1_Stream6_IRQHandler
                0x0000000008000e8c                DMA1_Stream1_IRQHandler
                0x0000000008000e8c                TIM3_IRQHandler
                0x0000000008000e8c                RCC_IRQHandler
                0x0000000008000e8c                Default_Handler
                0x0000000008000e8c                EXTI15_10_IRQHandler
                0x0000000008000e8c                ADC_IRQHandler
                0x0000000008000e8c                DMA1_Stream7_IRQHandler
                0x0000000008000e8c                TIM5_IRQHandler
                0x0000000008000e8c                DMA2_Stream7_IRQHandler
                0x0000000008000e8c                I2C3_EV_IRQHandler
                0x0000000008000e8c                EXTI9_5_IRQHandler
                0x0000000008000e8c                SPI2_IRQHandler
                0x0000000008000e8c                MemManage_Handler
                0x0000000008000e8c                DMA1_Stream0_IRQHandler
                0x0000000008000e8c                SVC_Handler
                0x0000000008000e8c                EXTI4_IRQHandler
                0x0000000008000e8c                EXTI22_RTC_WKUP_IRQHandler
                0x0000000008000e8c                TIM2_IRQHandler
                0x0000000008000e8c                EXTI16_PVD_IRQHandler
                0x0000000008000e8c                TIM1_TRG_COM_TIM11_IRQHandler
                0x0000000008000e8c                EXTI1_IRQHandler
                0x0000000008000e8c                EXTI17_RTC_Alarm_IRQHandler
                0x0000000008000e8c                I2C2_ER_IRQHandler
                0x0000000008000e8c                DMA2_Stream1_IRQHandler
                0x0000000008000e8c                FLASH_IRQHandler
                0x0000000008000e8c                DMA2_Stream4_IRQHandler
                0x0000000008000e8c                BusFault_Handler
                0x0000000008000e8c                USART1_IRQHandler
                0x0000000008000e8c                OTG_FS_IRQHandler
                0x0000000008000e8c                SPI3_IRQHandler
                0x0000000008000e8c                DMA1_Stream4_IRQHandler
                0x0000000008000e8c                I2C1_ER_IRQHandler
                0x0000000008000e8c                DMA2_Stream6_IRQHandler
                0x0000000008000e8c                DMA1_Stream3_IRQHandler
 *fill*         0x0000000008000e8e        0x2 
 .text.SystemInit
                0x0000000008000e90       0x6c D:\stm32\stmlumi\ktgiuaky_thuctapcoso_group3\Driver\lib_stm\libLibraries.a(system_stm32f4xx.o)
                0x0000000008000e90                SystemInit
 .text.SystemCoreClockUpdate
                0x0000000008000efc       0xf8 D:\stm32\stmlumi\ktgiuaky_thuctapcoso_group3\Driver\lib_stm\libLibraries.a(system_stm32f4xx.o)
                0x0000000008000efc                SystemCoreClockUpdate
 .text.SetSysClock
                0x0000000008000ff4       0xa0 D:\stm32\stmlumi\ktgiuaky_thuctapcoso_group3\Driver\lib_stm\libLibraries.a(system_stm32f4xx.o)
 .text.GPIO_Init
                0x0000000008001094      0x11c D:\stm32\stmlumi\ktgiuaky_thuctapcoso_group3\Driver\lib_stm\libLibraries.a(stm32f401re_gpio.o)
                0x0000000008001094                GPIO_Init
 .text.GPIO_WriteBit
                0x00000000080011b0       0x30 D:\stm32\stmlumi\ktgiuaky_thuctapcoso_group3\Driver\lib_stm\libLibraries.a(stm32f401re_gpio.o)
                0x00000000080011b0                GPIO_WriteBit
 .text.GPIO_PinAFConfig
                0x00000000080011e0       0x92 D:\stm32\stmlumi\ktgiuaky_thuctapcoso_group3\Driver\lib_stm\libLibraries.a(stm32f401re_gpio.o)
                0x00000000080011e0                GPIO_PinAFConfig
 *fill*         0x0000000008001272        0x2 
 .text.I2C_Init
                0x0000000008001274      0x184 D:\stm32\stmlumi\ktgiuaky_thuctapcoso_group3\Driver\lib_stm\libLibraries.a(stm32f401re_i2c.o)
                0x0000000008001274                I2C_Init
 .text.I2C_Cmd  0x00000000080013f8       0x40 D:\stm32\stmlumi\ktgiuaky_thuctapcoso_group3\Driver\lib_stm\libLibraries.a(stm32f401re_i2c.o)
                0x00000000080013f8                I2C_Cmd
 .text.I2C_GenerateSTART
                0x0000000008001438       0x40 D:\stm32\stmlumi\ktgiuaky_thuctapcoso_group3\Driver\lib_stm\libLibraries.a(stm32f401re_i2c.o)
                0x0000000008001438                I2C_GenerateSTART
 .text.I2C_GenerateSTOP
                0x0000000008001478       0x40 D:\stm32\stmlumi\ktgiuaky_thuctapcoso_group3\Driver\lib_stm\libLibraries.a(stm32f401re_i2c.o)
                0x0000000008001478                I2C_GenerateSTOP
 .text.I2C_Send7bitAddress
                0x00000000080014b8       0x3c D:\stm32\stmlumi\ktgiuaky_thuctapcoso_group3\Driver\lib_stm\libLibraries.a(stm32f401re_i2c.o)
                0x00000000080014b8                I2C_Send7bitAddress
 .text.I2C_AcknowledgeConfig
                0x00000000080014f4       0x40 D:\stm32\stmlumi\ktgiuaky_thuctapcoso_group3\Driver\lib_stm\libLibraries.a(stm32f401re_i2c.o)
                0x00000000080014f4                I2C_AcknowledgeConfig
 .text.I2C_SendData
                0x0000000008001534       0x20 D:\stm32\stmlumi\ktgiuaky_thuctapcoso_group3\Driver\lib_stm\libLibraries.a(stm32f401re_i2c.o)
                0x0000000008001534                I2C_SendData
 .text.I2C_ReceiveData
                0x0000000008001554       0x1c D:\stm32\stmlumi\ktgiuaky_thuctapcoso_group3\Driver\lib_stm\libLibraries.a(stm32f401re_i2c.o)
                0x0000000008001554                I2C_ReceiveData
 .text.I2C_CheckEvent
                0x0000000008001570       0x60 D:\stm32\stmlumi\ktgiuaky_thuctapcoso_group3\Driver\lib_stm\libLibraries.a(stm32f401re_i2c.o)
                0x0000000008001570                I2C_CheckEvent
 .text.I2C_GetFlagStatus
                0x00000000080015d0       0x66 D:\stm32\stmlumi\ktgiuaky_thuctapcoso_group3\Driver\lib_stm\libLibraries.a(stm32f401re_i2c.o)
                0x00000000080015d0                I2C_GetFlagStatus
 *fill*         0x0000000008001636        0x2 
 .text.RCC_GetClocksFreq
                0x0000000008001638      0x150 D:\stm32\stmlumi\ktgiuaky_thuctapcoso_group3\Driver\lib_stm\libLibraries.a(stm32f401re_rcc.o)
                0x0000000008001638                RCC_GetClocksFreq
 .text.RCC_AHB1PeriphClockCmd
                0x0000000008001788       0x40 D:\stm32\stmlumi\ktgiuaky_thuctapcoso_group3\Driver\lib_stm\libLibraries.a(stm32f401re_rcc.o)
                0x0000000008001788                RCC_AHB1PeriphClockCmd
 .text.RCC_APB1PeriphClockCmd
                0x00000000080017c8       0x40 D:\stm32\stmlumi\ktgiuaky_thuctapcoso_group3\Driver\lib_stm\libLibraries.a(stm32f401re_rcc.o)
                0x00000000080017c8                RCC_APB1PeriphClockCmd
 .text.NVIC_SetPriority
                0x0000000008001808       0x54 D:\stm32\stmlumi\ktgiuaky_thuctapcoso_group3\Driver\lib_stm\libLibraries.a(timer.o)
 .text.SysTick_Config
                0x000000000800185c       0x44 D:\stm32\stmlumi\ktgiuaky_thuctapcoso_group3\Driver\lib_stm\libLibraries.a(timer.o)
 .text.TimerInit
                0x00000000080018a0       0x44 D:\stm32\stmlumi\ktgiuaky_thuctapcoso_group3\Driver\lib_stm\libLibraries.a(timer.o)
                0x00000000080018a0                TimerInit
 .text.TimerStart
                0x00000000080018e4       0xc4 D:\stm32\stmlumi\ktgiuaky_thuctapcoso_group3\Driver\lib_stm\libLibraries.a(timer.o)
                0x00000000080018e4                TimerStart
 .text.TimerStop
                0x00000000080019a8       0xa0 D:\stm32\stmlumi\ktgiuaky_thuctapcoso_group3\Driver\lib_stm\libLibraries.a(timer.o)
                0x00000000080019a8                TimerStop
 .text.GetMilSecTick
                0x0000000008001a48       0x18 D:\stm32\stmlumi\ktgiuaky_thuctapcoso_group3\Driver\lib_stm\libLibraries.a(timer.o)
                0x0000000008001a48                GetMilSecTick
 .text.processTimerScheduler
                0x0000000008001a60       0xf0 D:\stm32\stmlumi\ktgiuaky_thuctapcoso_group3\Driver\lib_stm\libLibraries.a(timer.o)
                0x0000000008001a60                processTimerScheduler
 .text.TimeExpired
                0x0000000008001b50       0xcc D:\stm32\stmlumi\ktgiuaky_thuctapcoso_group3\Driver\lib_stm\libLibraries.a(timer.o)
 .text.SysTick_Handler
                0x0000000008001c1c       0x1c D:\stm32\stmlumi\ktgiuaky_thuctapcoso_group3\Driver\lib_stm\libLibraries.a(timer.o)
                0x0000000008001c1c                SysTick_Handler
 .text.TemHumSensor_Init
                0x0000000008001c38        0xc D:\stm32\stmlumi\ktgiuaky_thuctapcoso_group3\Driver\lib_stm\libLibraries.a(temhumsensor.o)
                0x0000000008001c38                TemHumSensor_Init
 .text.i2c_config
                0x0000000008001c44       0x94 D:\stm32\stmlumi\ktgiuaky_thuctapcoso_group3\Driver\lib_stm\libLibraries.a(temhumsensor.o)
                0x0000000008001c44                i2c_config
 .text.USART2_IRQHandler
                0x0000000008001cd8       0x50 D:\stm32\stmlumi\ktgiuaky_thuctapcoso_group3\Driver\lib_stm\libLibraries.a(serial.o)
                0x0000000008001cd8                USART2_IRQHandler
 .text.delayMicroseconds
                0x0000000008001d28       0x14 D:\stm32\stmlumi\ktgiuaky_thuctapcoso_group3\Driver\lib_stm\libLibraries.a(Ucglib.o)
 .text.ucg_gpio_init
                0x0000000008001d3c       0x60 D:\stm32\stmlumi\ktgiuaky_thuctapcoso_group3\Driver\lib_stm\libLibraries.a(Ucglib.o)
 .text.ucg_com_arduino_send_generic_SW_SPI
                0x0000000008001d9c       0x74 D:\stm32\stmlumi\ktgiuaky_thuctapcoso_group3\Driver\lib_stm\libLibraries.a(Ucglib.o)
 .text.ucg_com_arduino_generic_SW_SPI
                0x0000000008001e10      0x1ec D:\stm32\stmlumi\ktgiuaky_thuctapcoso_group3\Driver\lib_stm\libLibraries.a(Ucglib.o)
 .text.Ucglib4WireSWSPI_begin
                0x0000000008001ffc       0x38 D:\stm32\stmlumi\ktgiuaky_thuctapcoso_group3\Driver\lib_stm\libLibraries.a(Ucglib.o)
                0x0000000008001ffc                Ucglib4WireSWSPI_begin
 .text.ucg_DrawBox
                0x0000000008002034       0x56 D:\stm32\stmlumi\ktgiuaky_thuctapcoso_group3\Driver\lib_stm\libLibraries.a(ucg_box.o)
                0x0000000008002034                ucg_DrawBox
 .text.ucg_ClearScreen
                0x000000000800208a       0x50 D:\stm32\stmlumi\ktgiuaky_thuctapcoso_group3\Driver\lib_stm\libLibraries.a(ucg_box.o)
                0x000000000800208a                ucg_ClearScreen
 .text.ucg_ccs_init
                0x00000000080020da       0xc0 D:\stm32\stmlumi\ktgiuaky_thuctapcoso_group3\Driver\lib_stm\libLibraries.a(ucg_ccs.o)
                0x00000000080020da                ucg_ccs_init
 .text.ucg_ccs_step
                0x000000000800219a       0x80 D:\stm32\stmlumi\ktgiuaky_thuctapcoso_group3\Driver\lib_stm\libLibraries.a(ucg_ccs.o)
                0x000000000800219a                ucg_ccs_step
 .text.ucg_ccs_seek
                0x000000000800221a       0xca D:\stm32\stmlumi\ktgiuaky_thuctapcoso_group3\Driver\lib_stm\libLibraries.a(ucg_ccs.o)
                0x000000000800221a                ucg_ccs_seek
 .text.ucg_dev_default_cb
                0x00000000080022e4       0x44 D:\stm32\stmlumi\ktgiuaky_thuctapcoso_group3\Driver\lib_stm\libLibraries.a(ucg_dev_default_cb.o)
                0x00000000080022e4                ucg_dev_default_cb
 .text.ucg_ext_none
                0x0000000008002328       0x1c D:\stm32\stmlumi\ktgiuaky_thuctapcoso_group3\Driver\lib_stm\libLibraries.a(ucg_dev_default_cb.o)
                0x0000000008002328                ucg_ext_none
 .text.ucg_handle_st7735_l90fx
                0x0000000008002344       0xd8 D:\stm32\stmlumi\ktgiuaky_thuctapcoso_group3\Driver\lib_stm\libLibraries.a(ucg_dev_ic_st7735.o)
                0x0000000008002344                ucg_handle_st7735_l90fx
 .text.ucg_handle_st7735_l90se
                0x000000000800241c      0x154 D:\stm32\stmlumi\ktgiuaky_thuctapcoso_group3\Driver\lib_stm\libLibraries.a(ucg_dev_ic_st7735.o)
                0x000000000800241c                ucg_handle_st7735_l90se
 .text.ucg_dev_ic_st7735_18
                0x0000000008002570       0xf8 D:\stm32\stmlumi\ktgiuaky_thuctapcoso_group3\Driver\lib_stm\libLibraries.a(ucg_dev_ic_st7735.o)
                0x0000000008002570                ucg_dev_ic_st7735_18
 .text.ucg_ext_st7735_18
                0x0000000008002668       0x28 D:\stm32\stmlumi\ktgiuaky_thuctapcoso_group3\Driver\lib_stm\libLibraries.a(ucg_dev_ic_st7735.o)
                0x0000000008002668                ucg_ext_st7735_18
 .text.ucg_PowerDown
                0x0000000008002690       0x34 D:\stm32\stmlumi\ktgiuaky_thuctapcoso_group3\Driver\lib_stm\libLibraries.a(ucg_dev_msg_api.o)
                0x0000000008002690                ucg_PowerDown
 .text.ucg_PowerUp
                0x00000000080026c4       0x3c D:\stm32\stmlumi\ktgiuaky_thuctapcoso_group3\Driver\lib_stm\libLibraries.a(ucg_dev_msg_api.o)
                0x00000000080026c4                ucg_PowerUp
 .text.ucg_SetClipBox
                0x0000000008002700       0x1e D:\stm32\stmlumi\ktgiuaky_thuctapcoso_group3\Driver\lib_stm\libLibraries.a(ucg_dev_msg_api.o)
                0x0000000008002700                ucg_SetClipBox
 .text.ucg_SetMaxClipRange
                0x000000000800271e       0x30 D:\stm32\stmlumi\ktgiuaky_thuctapcoso_group3\Driver\lib_stm\libLibraries.a(ucg_dev_msg_api.o)
                0x000000000800271e                ucg_SetMaxClipRange
 .text.ucg_GetDimension
                0x000000000800274e       0x24 D:\stm32\stmlumi\ktgiuaky_thuctapcoso_group3\Driver\lib_stm\libLibraries.a(ucg_dev_msg_api.o)
                0x000000000800274e                ucg_GetDimension
 .text.ucg_DrawL90FXWithArg
                0x0000000008002772       0x1e D:\stm32\stmlumi\ktgiuaky_thuctapcoso_group3\Driver\lib_stm\libLibraries.a(ucg_dev_msg_api.o)
                0x0000000008002772                ucg_DrawL90FXWithArg
 .text.ucg_dev_st7735_18x128x128
                0x0000000008002790       0x80 D:\stm32\stmlumi\ktgiuaky_thuctapcoso_group3\Driver\lib_stm\libLibraries.a(ucg_dev_tft_128x128_st7735.o)
                0x0000000008002790                ucg_dev_st7735_18x128x128
 .text.ucg_font_get_byte
                0x0000000008002810       0x24 D:\stm32\stmlumi\ktgiuaky_thuctapcoso_group3\Driver\lib_stm\libLibraries.a(ucg_font.o)
 .text.ucg_font_get_word
                0x0000000008002834       0x40 D:\stm32\stmlumi\ktgiuaky_thuctapcoso_group3\Driver\lib_stm\libLibraries.a(ucg_font.o)
 .text.ucg_read_font_info
                0x0000000008002874      0x142 D:\stm32\stmlumi\ktgiuaky_thuctapcoso_group3\Driver\lib_stm\libLibraries.a(ucg_font.o)
                0x0000000008002874                ucg_read_font_info
 .text.ucg_font_decode_get_unsigned_bits
                0x00000000080029b6       0x96 D:\stm32\stmlumi\ktgiuaky_thuctapcoso_group3\Driver\lib_stm\libLibraries.a(ucg_font.o)
                0x00000000080029b6                ucg_font_decode_get_unsigned_bits
 .text.ucg_font_decode_get_signed_bits
                0x0000000008002a4c       0x46 D:\stm32\stmlumi\ktgiuaky_thuctapcoso_group3\Driver\lib_stm\libLibraries.a(ucg_font.o)
                0x0000000008002a4c                ucg_font_decode_get_signed_bits
 .text.ucg_add_vector_y
                0x0000000008002a92       0x7a D:\stm32\stmlumi\ktgiuaky_thuctapcoso_group3\Driver\lib_stm\libLibraries.a(ucg_font.o)
 .text.ucg_add_vector_x
                0x0000000008002b0c       0x7a D:\stm32\stmlumi\ktgiuaky_thuctapcoso_group3\Driver\lib_stm\libLibraries.a(ucg_font.o)
 .text.ucg_font_decode_len
                0x0000000008002b86      0x118 D:\stm32\stmlumi\ktgiuaky_thuctapcoso_group3\Driver\lib_stm\libLibraries.a(ucg_font.o)
                0x0000000008002b86                ucg_font_decode_len
 .text.ucg_font_setup_decode
                0x0000000008002c9e       0x64 D:\stm32\stmlumi\ktgiuaky_thuctapcoso_group3\Driver\lib_stm\libLibraries.a(ucg_font.o)
 .text.ucg_font_decode_glyph
                0x0000000008002d02      0x14c D:\stm32\stmlumi\ktgiuaky_thuctapcoso_group3\Driver\lib_stm\libLibraries.a(ucg_font.o)
                0x0000000008002d02                ucg_font_decode_glyph
 .text.ucg_font_get_glyph_data
                0x0000000008002e4e       0x7a D:\stm32\stmlumi\ktgiuaky_thuctapcoso_group3\Driver\lib_stm\libLibraries.a(ucg_font.o)
                0x0000000008002e4e                ucg_font_get_glyph_data
 .text.ucg_font_draw_glyph
                0x0000000008002ec8       0x62 D:\stm32\stmlumi\ktgiuaky_thuctapcoso_group3\Driver\lib_stm\libLibraries.a(ucg_font.o)
                0x0000000008002ec8                ucg_font_draw_glyph
 .text.ucg_SetFontMode
                0x0000000008002f2a       0x20 D:\stm32\stmlumi\ktgiuaky_thuctapcoso_group3\Driver\lib_stm\libLibraries.a(ucg_font.o)
                0x0000000008002f2a                ucg_SetFontMode
 *fill*         0x0000000008002f4a        0x2 
 .text.ucg_DrawGlyph
                0x0000000008002f4c       0xb0 D:\stm32\stmlumi\ktgiuaky_thuctapcoso_group3\Driver\lib_stm\libLibraries.a(ucg_font.o)
                0x0000000008002f4c                ucg_DrawGlyph
 .text.task_drawString
                0x0000000008002ffc      0x138 D:\stm32\stmlumi\ktgiuaky_thuctapcoso_group3\Driver\lib_stm\libLibraries.a(ucg_font.o)
                0x0000000008002ffc                task_drawString
 .text.ucg_DrawString
                0x0000000008003134       0x78 D:\stm32\stmlumi\ktgiuaky_thuctapcoso_group3\Driver\lib_stm\libLibraries.a(ucg_font.o)
                0x0000000008003134                ucg_DrawString
 .text.ucg_UpdateRefHeight
                0x00000000080031ac       0xd8 D:\stm32\stmlumi\ktgiuaky_thuctapcoso_group3\Driver\lib_stm\libLibraries.a(ucg_font.o)
                0x00000000080031ac                ucg_UpdateRefHeight
 .text.ucg_font_calc_vref_font
                0x0000000008003284       0x16 D:\stm32\stmlumi\ktgiuaky_thuctapcoso_group3\Driver\lib_stm\libLibraries.a(ucg_font.o)
                0x0000000008003284                ucg_font_calc_vref_font
 *fill*         0x000000000800329a        0x2 
 .text.ucg_SetFontPosBaseline
                0x000000000800329c       0x20 D:\stm32\stmlumi\ktgiuaky_thuctapcoso_group3\Driver\lib_stm\libLibraries.a(ucg_font.o)
                0x000000000800329c                ucg_SetFontPosBaseline
 .text.ucg_SetFont
                0x00000000080032bc       0x4c D:\stm32\stmlumi\ktgiuaky_thuctapcoso_group3\Driver\lib_stm\libLibraries.a(ucg_font.o)
                0x00000000080032bc                ucg_SetFont
 .text.ucg_init_struct
                0x0000000008003308       0x50 D:\stm32\stmlumi\ktgiuaky_thuctapcoso_group3\Driver\lib_stm\libLibraries.a(ucg_init.o)
                0x0000000008003308                ucg_init_struct
 .text.ucg_Init
                0x0000000008003358       0x5c D:\stm32\stmlumi\ktgiuaky_thuctapcoso_group3\Driver\lib_stm\libLibraries.a(ucg_init.o)
                0x0000000008003358                ucg_Init
 .text.ucg_Draw90Line
                0x00000000080033b4       0x88 D:\stm32\stmlumi\ktgiuaky_thuctapcoso_group3\Driver\lib_stm\libLibraries.a(ucg_line.o)
                0x00000000080033b4                ucg_Draw90Line
 .text.ucg_DrawHLine
                0x000000000800343c       0x3e D:\stm32\stmlumi\ktgiuaky_thuctapcoso_group3\Driver\lib_stm\libLibraries.a(ucg_line.o)
                0x000000000800343c                ucg_DrawHLine
 .text.ucg_SetColor
                0x000000000800347a       0x5c D:\stm32\stmlumi\ktgiuaky_thuctapcoso_group3\Driver\lib_stm\libLibraries.a(ucg_pixel.o)
                0x000000000800347a                ucg_SetColor
 .text.ucg_UndoRotate
                0x00000000080034d6       0x32 D:\stm32\stmlumi\ktgiuaky_thuctapcoso_group3\Driver\lib_stm\libLibraries.a(ucg_rotate.o)
                0x00000000080034d6                ucg_UndoRotate
 .text.ucg_rotate_180_xy
                0x0000000008003508       0x66 D:\stm32\stmlumi\ktgiuaky_thuctapcoso_group3\Driver\lib_stm\libLibraries.a(ucg_rotate.o)
 *fill*         0x000000000800356e        0x2 
 .text.ucg_dev_rotate180
                0x0000000008003570      0x100 D:\stm32\stmlumi\ktgiuaky_thuctapcoso_group3\Driver\lib_stm\libLibraries.a(ucg_rotate.o)
                0x0000000008003570                ucg_dev_rotate180
 .text.ucg_SetRotate180
                0x0000000008003670       0x34 D:\stm32\stmlumi\ktgiuaky_thuctapcoso_group3\Driver\lib_stm\libLibraries.a(ucg_rotate.o)
                0x0000000008003670                ucg_SetRotate180
 .text.bufInit  0x00000000080036a4       0x36 D:\stm32\stmlumi\ktgiuaky_thuctapcoso_group3\Driver\lib_stm\libLibraries.a(buff.o)
                0x00000000080036a4                bufInit
 .text.bufNumItems
                0x00000000080036da       0x18 D:\stm32\stmlumi\ktgiuaky_thuctapcoso_group3\Driver\lib_stm\libLibraries.a(buff.o)
                0x00000000080036da                bufNumItems
 .text.bufIsFull
                0x00000000080036f2       0x26 D:\stm32\stmlumi\ktgiuaky_thuctapcoso_group3\Driver\lib_stm\libLibraries.a(buff.o)
                0x00000000080036f2                bufIsFull
 .text.bufIsEmpty
                0x0000000008003718       0x26 D:\stm32\stmlumi\ktgiuaky_thuctapcoso_group3\Driver\lib_stm\libLibraries.a(buff.o)
                0x0000000008003718                bufIsEmpty
 .text.bufFlush
                0x000000000800373e       0x32 D:\stm32\stmlumi\ktgiuaky_thuctapcoso_group3\Driver\lib_stm\libLibraries.a(buff.o)
                0x000000000800373e                bufFlush
 .text.bufEnDat
                0x0000000008003770       0x9c D:\stm32\stmlumi\ktgiuaky_thuctapcoso_group3\Driver\lib_stm\libLibraries.a(buff.o)
                0x0000000008003770                bufEnDat
 .text.bufDeDat
                0x000000000800380c       0x84 D:\stm32\stmlumi\ktgiuaky_thuctapcoso_group3\Driver\lib_stm\libLibraries.a(buff.o)
                0x000000000800380c                bufDeDat
 .text.memsetl  0x0000000008003890       0x32 D:\stm32\stmlumi\ktgiuaky_thuctapcoso_group3\Driver\lib_stm\libLibraries.a(utilities.o)
                0x0000000008003890                memsetl
 .text.USART_ReceiveData
                0x00000000080038c2       0x20 D:\stm32\stmlumi\ktgiuaky_thuctapcoso_group3\Driver\lib_stm\libLibraries.a(stm32f401re_usart.o)
                0x00000000080038c2                USART_ReceiveData
 .text.USART_GetITStatus
                0x00000000080038e2       0xb6 D:\stm32\stmlumi\ktgiuaky_thuctapcoso_group3\Driver\lib_stm\libLibraries.a(stm32f401re_usart.o)
                0x00000000080038e2                USART_GetITStatus
 .text.USART_ClearITPendingBit
                0x0000000008003998       0x3a D:\stm32\stmlumi\ktgiuaky_thuctapcoso_group3\Driver\lib_stm\libLibraries.a(stm32f401re_usart.o)
                0x0000000008003998                USART_ClearITPendingBit
 .text.ucg_clip_is_x_visible
                0x00000000080039d2       0x4a D:\stm32\stmlumi\ktgiuaky_thuctapcoso_group3\Driver\lib_stm\libLibraries.a(ucg_clip.o)
 .text.ucg_clip_is_y_visible
                0x0000000008003a1c       0x4a D:\stm32\stmlumi\ktgiuaky_thuctapcoso_group3\Driver\lib_stm\libLibraries.a(ucg_clip.o)
 .text.ucg_clip_intersection
                0x0000000008003a66       0x74 D:\stm32\stmlumi\ktgiuaky_thuctapcoso_group3\Driver\lib_stm\libLibraries.a(ucg_clip.o)
 .text.ucg_clip_is_pixel_visible
                0x0000000008003ada       0x32 D:\stm32\stmlumi\ktgiuaky_thuctapcoso_group3\Driver\lib_stm\libLibraries.a(ucg_clip.o)
                0x0000000008003ada                ucg_clip_is_pixel_visible
 .text.ucg_clip_l90fx
                0x0000000008003b0c      0x300 D:\stm32\stmlumi\ktgiuaky_thuctapcoso_group3\Driver\lib_stm\libLibraries.a(ucg_clip.o)
                0x0000000008003b0c                ucg_clip_l90fx
 .text.ucg_clip_l90se
                0x0000000008003e0c       0x54 D:\stm32\stmlumi\ktgiuaky_thuctapcoso_group3\Driver\lib_stm\libLibraries.a(ucg_clip.o)
                0x0000000008003e0c                ucg_clip_l90se
 .text.ucg_com_PowerDown
                0x0000000008003e60       0x3e D:\stm32\stmlumi\ktgiuaky_thuctapcoso_group3\Driver\lib_stm\libLibraries.a(ucg_com_msg_api.o)
                0x0000000008003e60                ucg_com_PowerDown
 .text.ucg_com_PowerUp
                0x0000000008003e9e       0x60 D:\stm32\stmlumi\ktgiuaky_thuctapcoso_group3\Driver\lib_stm\libLibraries.a(ucg_com_msg_api.o)
                0x0000000008003e9e                ucg_com_PowerUp
 .text.ucg_com_SetLineStatus
                0x0000000008003efe       0xe2 D:\stm32\stmlumi\ktgiuaky_thuctapcoso_group3\Driver\lib_stm\libLibraries.a(ucg_com_msg_api.o)
                0x0000000008003efe                ucg_com_SetLineStatus
 .text.ucg_com_SetResetLineStatus
                0x0000000008003fe0       0x20 D:\stm32\stmlumi\ktgiuaky_thuctapcoso_group3\Driver\lib_stm\libLibraries.a(ucg_com_msg_api.o)
                0x0000000008003fe0                ucg_com_SetResetLineStatus
 .text.ucg_com_SetCSLineStatus
                0x0000000008004000       0x20 D:\stm32\stmlumi\ktgiuaky_thuctapcoso_group3\Driver\lib_stm\libLibraries.a(ucg_com_msg_api.o)
                0x0000000008004000                ucg_com_SetCSLineStatus
 .text.ucg_com_SetCDLineStatus
                0x0000000008004020       0x20 D:\stm32\stmlumi\ktgiuaky_thuctapcoso_group3\Driver\lib_stm\libLibraries.a(ucg_com_msg_api.o)
                0x0000000008004020                ucg_com_SetCDLineStatus
 .text.ucg_com_DelayMicroseconds
                0x0000000008004040       0x22 D:\stm32\stmlumi\ktgiuaky_thuctapcoso_group3\Driver\lib_stm\libLibraries.a(ucg_com_msg_api.o)
                0x0000000008004040                ucg_com_DelayMicroseconds
 .text.ucg_com_DelayMilliseconds
                0x0000000008004062       0x2c D:\stm32\stmlumi\ktgiuaky_thuctapcoso_group3\Driver\lib_stm\libLibraries.a(ucg_com_msg_api.o)
                0x0000000008004062                ucg_com_DelayMilliseconds
 .text.ucg_com_SendByte
                0x000000000800408e       0x24 D:\stm32\stmlumi\ktgiuaky_thuctapcoso_group3\Driver\lib_stm\libLibraries.a(ucg_com_msg_api.o)
                0x000000000800408e                ucg_com_SendByte
 .text.ucg_com_SendStringP
                0x00000000080040b2       0x40 D:\stm32\stmlumi\ktgiuaky_thuctapcoso_group3\Driver\lib_stm\libLibraries.a(ucg_com_msg_api.o)
                0x00000000080040b2                ucg_com_SendStringP
 .text.ucg_com_SendCmdArg
                0x00000000080040f2       0x74 D:\stm32\stmlumi\ktgiuaky_thuctapcoso_group3\Driver\lib_stm\libLibraries.a(ucg_com_msg_api.o)
 *fill*         0x0000000008004166        0x2 
 .text.ucg_com_SendCmdSeq
                0x0000000008004168      0x278 D:\stm32\stmlumi\ktgiuaky_thuctapcoso_group3\Driver\lib_stm\libLibraries.a(ucg_com_msg_api.o)
                0x0000000008004168                ucg_com_SendCmdSeq
 .text.__errno  0x00000000080043e0        0xc d:/stm32/stm32cubeide_1.12.1/stm32cubeide/plugins/com.st.stm32cube.ide.mcu.externaltools.gnu-tools-for-stm32.10.3-2021.10.win32_1.0.200.202301161003/tools/bin/../lib/gcc/arm-none-eabi/10.3.1/../../../../arm-none-eabi/lib/thumb/v7e-m+fp/hard\libc_nano.a(lib_a-errno.o)
                0x00000000080043e0                __errno
 .text.__libc_init_array
                0x00000000080043ec       0x48 d:/stm32/stm32cubeide_1.12.1/stm32cubeide/plugins/com.st.stm32cube.ide.mcu.externaltools.gnu-tools-for-stm32.10.3-2021.10.win32_1.0.200.202301161003/tools/bin/../lib/gcc/arm-none-eabi/10.3.1/../../../../arm-none-eabi/lib/thumb/v7e-m+fp/hard\libc_nano.a(lib_a-init.o)
                0x00000000080043ec                __libc_init_array
 .text.memset   0x0000000008004434       0x10 d:/stm32/stm32cubeide_1.12.1/stm32cubeide/plugins/com.st.stm32cube.ide.mcu.externaltools.gnu-tools-for-stm32.10.3-2021.10.win32_1.0.200.202301161003/tools/bin/../lib/gcc/arm-none-eabi/10.3.1/../../../../arm-none-eabi/lib/thumb/v7e-m+fp/hard\libc_nano.a(lib_a-memset.o)
                0x0000000008004434                memset
 .text.sprintf  0x0000000008004444       0x40 d:/stm32/stm32cubeide_1.12.1/stm32cubeide/plugins/com.st.stm32cube.ide.mcu.externaltools.gnu-tools-for-stm32.10.3-2021.10.win32_1.0.200.202301161003/tools/bin/../lib/gcc/arm-none-eabi/10.3.1/../../../../arm-none-eabi/lib/thumb/v7e-m+fp/hard\libc_nano.a(lib_a-sprintf.o)
                0x0000000008004444                siprintf
                0x0000000008004444                sprintf
 .text.__ssputs_r
                0x0000000008004484       0xb6 d:/stm32/stm32cubeide_1.12.1/stm32cubeide/plugins/com.st.stm32cube.ide.mcu.externaltools.gnu-tools-for-stm32.10.3-2021.10.win32_1.0.200.202301161003/tools/bin/../lib/gcc/arm-none-eabi/10.3.1/../../../../arm-none-eabi/lib/thumb/v7e-m+fp/hard\libc_nano.a(lib_a-nano-svfprintf.o)
                0x0000000008004484                __ssputs_r
 *fill*         0x000000000800453a        0x2 
 .text._svfprintf_r
                0x000000000800453c      0x200 d:/stm32/stm32cubeide_1.12.1/stm32cubeide/plugins/com.st.stm32cube.ide.mcu.externaltools.gnu-tools-for-stm32.10.3-2021.10.win32_1.0.200.202301161003/tools/bin/../lib/gcc/arm-none-eabi/10.3.1/../../../../arm-none-eabi/lib/thumb/v7e-m+fp/hard\libc_nano.a(lib_a-nano-svfprintf.o)
                0x000000000800453c                _svfiprintf_r
                0x000000000800453c                _svfprintf_r
 .text._printf_common
                0x000000000800473c       0xda d:/stm32/stm32cubeide_1.12.1/stm32cubeide/plugins/com.st.stm32cube.ide.mcu.externaltools.gnu-tools-for-stm32.10.3-2021.10.win32_1.0.200.202301161003/tools/bin/../lib/gcc/arm-none-eabi/10.3.1/../../../../arm-none-eabi/lib/thumb/v7e-m+fp/hard\libc_nano.a(lib_a-nano-vfprintf_i.o)
                0x000000000800473c                _printf_common
 *fill*         0x0000000008004816        0x2 
 .text._printf_i
                0x0000000008004818      0x24c d:/stm32/stm32cubeide_1.12.1/stm32cubeide/plugins/com.st.stm32cube.ide.mcu.externaltools.gnu-tools-for-stm32.10.3-2021.10.win32_1.0.200.202301161003/tools/bin/../lib/gcc/arm-none-eabi/10.3.1/../../../../arm-none-eabi/lib/thumb/v7e-m+fp/hard\libc_nano.a(lib_a-nano-vfprintf_i.o)
                0x0000000008004818                _printf_i
 .text.memcpy   0x0000000008004a64       0x1c d:/stm32/stm32cubeide_1.12.1/stm32cubeide/plugins/com.st.stm32cube.ide.mcu.externaltools.gnu-tools-for-stm32.10.3-2021.10.win32_1.0.200.202301161003/tools/bin/../lib/gcc/arm-none-eabi/10.3.1/../../../../arm-none-eabi/lib/thumb/v7e-m+fp/hard\libc_nano.a(lib_a-memcpy-stub.o)
                0x0000000008004a64                memcpy
 .text.memmove  0x0000000008004a80       0x34 d:/stm32/stm32cubeide_1.12.1/stm32cubeide/plugins/com.st.stm32cube.ide.mcu.externaltools.gnu-tools-for-stm32.10.3-2021.10.win32_1.0.200.202301161003/tools/bin/../lib/gcc/arm-none-eabi/10.3.1/../../../../arm-none-eabi/lib/thumb/v7e-m+fp/hard\libc_nano.a(lib_a-memmove.o)
                0x0000000008004a80                memmove
 .text._free_r  0x0000000008004ab4       0x98 d:/stm32/stm32cubeide_1.12.1/stm32cubeide/plugins/com.st.stm32cube.ide.mcu.externaltools.gnu-tools-for-stm32.10.3-2021.10.win32_1.0.200.202301161003/tools/bin/../lib/gcc/arm-none-eabi/10.3.1/../../../../arm-none-eabi/lib/thumb/v7e-m+fp/hard\libc_nano.a(lib_a-nano-freer.o)
                0x0000000008004ab4                _free_r
 .text.sbrk_aligned
                0x0000000008004b4c       0x40 d:/stm32/stm32cubeide_1.12.1/stm32cubeide/plugins/com.st.stm32cube.ide.mcu.externaltools.gnu-tools-for-stm32.10.3-2021.10.win32_1.0.200.202301161003/tools/bin/../lib/gcc/arm-none-eabi/10.3.1/../../../../arm-none-eabi/lib/thumb/v7e-m+fp/hard\libc_nano.a(lib_a-nano-mallocr.o)
 .text._malloc_r
                0x0000000008004b8c       0xe8 d:/stm32/stm32cubeide_1.12.1/stm32cubeide/plugins/com.st.stm32cube.ide.mcu.externaltools.gnu-tools-for-stm32.10.3-2021.10.win32_1.0.200.202301161003/tools/bin/../lib/gcc/arm-none-eabi/10.3.1/../../../../arm-none-eabi/lib/thumb/v7e-m+fp/hard\libc_nano.a(lib_a-nano-mallocr.o)
                0x0000000008004b8c                _malloc_r
 .text._realloc_r
                0x0000000008004c74       0x5e d:/stm32/stm32cubeide_1.12.1/stm32cubeide/plugins/com.st.stm32cube.ide.mcu.externaltools.gnu-tools-for-stm32.10.3-2021.10.win32_1.0.200.202301161003/tools/bin/../lib/gcc/arm-none-eabi/10.3.1/../../../../arm-none-eabi/lib/thumb/v7e-m+fp/hard\libc_nano.a(lib_a-nano-reallocr.o)
                0x0000000008004c74                _realloc_r
 *fill*         0x0000000008004cd2        0x2 
 .text._sbrk_r  0x0000000008004cd4       0x20 d:/stm32/stm32cubeide_1.12.1/stm32cubeide/plugins/com.st.stm32cube.ide.mcu.externaltools.gnu-tools-for-stm32.10.3-2021.10.win32_1.0.200.202301161003/tools/bin/../lib/gcc/arm-none-eabi/10.3.1/../../../../arm-none-eabi/lib/thumb/v7e-m+fp/hard\libc_nano.a(lib_a-sbrkr.o)
                0x0000000008004cd4                _sbrk_r
 .text.__malloc_lock
                0x0000000008004cf4        0xc d:/stm32/stm32cubeide_1.12.1/stm32cubeide/plugins/com.st.stm32cube.ide.mcu.externaltools.gnu-tools-for-stm32.10.3-2021.10.win32_1.0.200.202301161003/tools/bin/../lib/gcc/arm-none-eabi/10.3.1/../../../../arm-none-eabi/lib/thumb/v7e-m+fp/hard\libc_nano.a(lib_a-mlock.o)
                0x0000000008004cf4                __malloc_lock
 .text.__malloc_unlock
                0x0000000008004d00        0xc d:/stm32/stm32cubeide_1.12.1/stm32cubeide/plugins/com.st.stm32cube.ide.mcu.externaltools.gnu-tools-for-stm32.10.3-2021.10.win32_1.0.200.202301161003/tools/bin/../lib/gcc/arm-none-eabi/10.3.1/../../../../arm-none-eabi/lib/thumb/v7e-m+fp/hard\libc_nano.a(lib_a-mlock.o)
                0x0000000008004d00                __malloc_unlock
 .text._malloc_usable_size_r
                0x0000000008004d0c       0x10 d:/stm32/stm32cubeide_1.12.1/stm32cubeide/plugins/com.st.stm32cube.ide.mcu.externaltools.gnu-tools-for-stm32.10.3-2021.10.win32_1.0.200.202301161003/tools/bin/../lib/gcc/arm-none-eabi/10.3.1/../../../../arm-none-eabi/lib/thumb/v7e-m+fp/hard\libc_nano.a(lib_a-nano-msizer.o)
                0x0000000008004d0c                _malloc_usable_size_r
 .text.__retarget_lock_acquire_recursive
                0x0000000008004d1c        0x2 d:/stm32/stm32cubeide_1.12.1/stm32cubeide/plugins/com.st.stm32cube.ide.mcu.externaltools.gnu-tools-for-stm32.10.3-2021.10.win32_1.0.200.202301161003/tools/bin/../lib/gcc/arm-none-eabi/10.3.1/../../../../arm-none-eabi/lib/thumb/v7e-m+fp/hard\libc_nano.a(lib_a-lock.o)
                0x0000000008004d1c                __retarget_lock_acquire_recursive
 .text.__retarget_lock_release_recursive
                0x0000000008004d1e        0x2 d:/stm32/stm32cubeide_1.12.1/stm32cubeide/plugins/com.st.stm32cube.ide.mcu.externaltools.gnu-tools-for-stm32.10.3-2021.10.win32_1.0.200.202301161003/tools/bin/../lib/gcc/arm-none-eabi/10.3.1/../../../../arm-none-eabi/lib/thumb/v7e-m+fp/hard\libc_nano.a(lib_a-lock.o)
                0x0000000008004d1e                __retarget_lock_release_recursive
 *(.glue_7)
 .glue_7        0x0000000008004d20        0x0 linker stubs
 *(.glue_7t)
 .glue_7t       0x0000000008004d20        0x0 linker stubs
 *(.eh_frame)
 .eh_frame      0x0000000008004d20        0x0 d:/stm32/stm32cubeide_1.12.1/stm32cubeide/plugins/com.st.stm32cube.ide.mcu.externaltools.gnu-tools-for-stm32.10.3-2021.10.win32_1.0.200.202301161003/tools/bin/../lib/gcc/arm-none-eabi/10.3.1/thumb/v7e-m+fp/hard/crtbegin.o
 *(.init)
 .init          0x0000000008004d20        0x4 d:/stm32/stm32cubeide_1.12.1/stm32cubeide/plugins/com.st.stm32cube.ide.mcu.externaltools.gnu-tools-for-stm32.10.3-2021.10.win32_1.0.200.202301161003/tools/bin/../lib/gcc/arm-none-eabi/10.3.1/thumb/v7e-m+fp/hard/crti.o
                0x0000000008004d20                _init
 .init          0x0000000008004d24        0x8 d:/stm32/stm32cubeide_1.12.1/stm32cubeide/plugins/com.st.stm32cube.ide.mcu.externaltools.gnu-tools-for-stm32.10.3-2021.10.win32_1.0.200.202301161003/tools/bin/../lib/gcc/arm-none-eabi/10.3.1/thumb/v7e-m+fp/hard/crtn.o
 *(.fini)
 .fini          0x0000000008004d2c        0x4 d:/stm32/stm32cubeide_1.12.1/stm32cubeide/plugins/com.st.stm32cube.ide.mcu.externaltools.gnu-tools-for-stm32.10.3-2021.10.win32_1.0.200.202301161003/tools/bin/../lib/gcc/arm-none-eabi/10.3.1/thumb/v7e-m+fp/hard/crti.o
                0x0000000008004d2c                _fini
 .fini          0x0000000008004d30        0x8 d:/stm32/stm32cubeide_1.12.1/stm32cubeide/plugins/com.st.stm32cube.ide.mcu.externaltools.gnu-tools-for-stm32.10.3-2021.10.win32_1.0.200.202301161003/tools/bin/../lib/gcc/arm-none-eabi/10.3.1/thumb/v7e-m+fp/hard/crtn.o
                0x0000000008004d38                . = ALIGN (0x4)
                0x0000000008004d38                _etext = .

.vfp11_veneer   0x0000000008004d38        0x0
 .vfp11_veneer  0x0000000008004d38        0x0 linker stubs

.v4_bx          0x0000000008004d38        0x0
 .v4_bx         0x0000000008004d38        0x0 linker stubs

.iplt           0x0000000008004d38        0x0
 .iplt          0x0000000008004d38        0x0 d:/stm32/stm32cubeide_1.12.1/stm32cubeide/plugins/com.st.stm32cube.ide.mcu.externaltools.gnu-tools-for-stm32.10.3-2021.10.win32_1.0.200.202301161003/tools/bin/../lib/gcc/arm-none-eabi/10.3.1/thumb/v7e-m+fp/hard/crtbegin.o

.rodata         0x0000000008004d38      0x914
                0x0000000008004d38                . = ALIGN (0x4)
 *(.rodata)
 .rodata        0x0000000008004d38       0x48 ./Src/main.o
 .rodata        0x0000000008004d80        0xf D:\stm32\stmlumi\ktgiuaky_thuctapcoso_group3\Driver\lib_stm\libLibraries.a(ucg_font.o)
 *(.rodata*)
 *fill*         0x0000000008004d8f        0x1 
 .rodata.ucg_st7735_set_pos_seq
                0x0000000008004d90       0x1e D:\stm32\stmlumi\ktgiuaky_thuctapcoso_group3\Driver\lib_stm\libLibraries.a(ucg_dev_ic_st7735.o)
                0x0000000008004d90                ucg_st7735_set_pos_seq
 *fill*         0x0000000008004dae        0x2 
 .rodata.ucg_st7735_set_pos_dir0_seq
                0x0000000008004db0       0x1e D:\stm32\stmlumi\ktgiuaky_thuctapcoso_group3\Driver\lib_stm\libLibraries.a(ucg_dev_ic_st7735.o)
                0x0000000008004db0                ucg_st7735_set_pos_dir0_seq
 *fill*         0x0000000008004dce        0x2 
 .rodata.ucg_st7735_set_pos_dir1_seq
                0x0000000008004dd0       0x21 D:\stm32\stmlumi\ktgiuaky_thuctapcoso_group3\Driver\lib_stm\libLibraries.a(ucg_dev_ic_st7735.o)
                0x0000000008004dd0                ucg_st7735_set_pos_dir1_seq
 *fill*         0x0000000008004df1        0x3 
 .rodata.ucg_st7735_set_pos_dir2_seq
                0x0000000008004df4       0x21 D:\stm32\stmlumi\ktgiuaky_thuctapcoso_group3\Driver\lib_stm\libLibraries.a(ucg_dev_ic_st7735.o)
                0x0000000008004df4                ucg_st7735_set_pos_dir2_seq
 *fill*         0x0000000008004e15        0x3 
 .rodata.ucg_st7735_set_pos_dir3_seq
                0x0000000008004e18       0x24 D:\stm32\stmlumi\ktgiuaky_thuctapcoso_group3\Driver\lib_stm\libLibraries.a(ucg_dev_ic_st7735.o)
                0x0000000008004e18                ucg_st7735_set_pos_dir3_seq
 .rodata.ucg_st7735_power_down_seq
                0x0000000008004e3c        0x7 D:\stm32\stmlumi\ktgiuaky_thuctapcoso_group3\Driver\lib_stm\libLibraries.a(ucg_dev_ic_st7735.o)
 *fill*         0x0000000008004e43        0x1 
 .rodata.ucg_tft_128x160_st7735_init_seq
                0x0000000008004e44       0x2c D:\stm32\stmlumi\ktgiuaky_thuctapcoso_group3\Driver\lib_stm\libLibraries.a(ucg_dev_tft_128x128_st7735.o)
 .rodata.ucg_font_ncenR12_hr
                0x0000000008004e70      0x7a8 D:\stm32\stmlumi\ktgiuaky_thuctapcoso_group3\Driver\lib_stm\libLibraries.a(ucg_pixel_font_data.o)
                0x0000000008004e70                ucg_font_ncenR12_hr
 .rodata._svfprintf_r.str1.1
                0x0000000008005618       0x11 d:/stm32/stm32cubeide_1.12.1/stm32cubeide/plugins/com.st.stm32cube.ide.mcu.externaltools.gnu-tools-for-stm32.10.3-2021.10.win32_1.0.200.202301161003/tools/bin/../lib/gcc/arm-none-eabi/10.3.1/../../../../arm-none-eabi/lib/thumb/v7e-m+fp/hard\libc_nano.a(lib_a-nano-svfprintf.o)
 .rodata._printf_i.str1.1
                0x0000000008005629       0x22 d:/stm32/stm32cubeide_1.12.1/stm32cubeide/plugins/com.st.stm32cube.ide.mcu.externaltools.gnu-tools-for-stm32.10.3-2021.10.win32_1.0.200.202301161003/tools/bin/../lib/gcc/arm-none-eabi/10.3.1/../../../../arm-none-eabi/lib/thumb/v7e-m+fp/hard\libc_nano.a(lib_a-nano-vfprintf_i.o)
                0x000000000800564c                . = ALIGN (0x4)
 *fill*         0x000000000800564b        0x1 

.rel.dyn        0x000000000800564c        0x0
 .rel.iplt      0x000000000800564c        0x0 d:/stm32/stm32cubeide_1.12.1/stm32cubeide/plugins/com.st.stm32cube.ide.mcu.externaltools.gnu-tools-for-stm32.10.3-2021.10.win32_1.0.200.202301161003/tools/bin/../lib/gcc/arm-none-eabi/10.3.1/thumb/v7e-m+fp/hard/crtbegin.o

.ARM.extab      0x000000000800564c        0x0
                0x000000000800564c                . = ALIGN (0x4)
 *(.ARM.extab* .gnu.linkonce.armextab.*)
                0x000000000800564c                . = ALIGN (0x4)

.ARM            0x000000000800564c        0x0
                0x000000000800564c                . = ALIGN (0x4)
                0x000000000800564c                __exidx_start = .
 *(.ARM.exidx*)
                0x000000000800564c                __exidx_end = .
                0x000000000800564c                . = ALIGN (0x4)

.preinit_array  0x000000000800564c        0x0
                0x000000000800564c                . = ALIGN (0x4)
                0x000000000800564c                PROVIDE (__preinit_array_start = .)
 *(.preinit_array*)
                0x000000000800564c                PROVIDE (__preinit_array_end = .)
                0x000000000800564c                . = ALIGN (0x4)

.init_array     0x000000000800564c        0x4
                0x000000000800564c                . = ALIGN (0x4)
                0x000000000800564c                PROVIDE (__init_array_start = .)
 *(SORT_BY_NAME(.init_array.*))
 *(.init_array*)
 .init_array    0x000000000800564c        0x4 d:/stm32/stm32cubeide_1.12.1/stm32cubeide/plugins/com.st.stm32cube.ide.mcu.externaltools.gnu-tools-for-stm32.10.3-2021.10.win32_1.0.200.202301161003/tools/bin/../lib/gcc/arm-none-eabi/10.3.1/thumb/v7e-m+fp/hard/crtbegin.o
                0x0000000008005650                PROVIDE (__init_array_end = .)
                0x0000000008005650                . = ALIGN (0x4)

.fini_array     0x0000000008005650        0x4
                0x0000000008005650                . = ALIGN (0x4)
                [!provide]                        PROVIDE (__fini_array_start = .)
 *(SORT_BY_NAME(.fini_array.*))
 *(.fini_array*)
 .fini_array    0x0000000008005650        0x4 d:/stm32/stm32cubeide_1.12.1/stm32cubeide/plugins/com.st.stm32cube.ide.mcu.externaltools.gnu-tools-for-stm32.10.3-2021.10.win32_1.0.200.202301161003/tools/bin/../lib/gcc/arm-none-eabi/10.3.1/thumb/v7e-m+fp/hard/crtbegin.o
                [!provide]                        PROVIDE (__fini_array_end = .)
                0x0000000008005654                . = ALIGN (0x4)
                0x0000000008005654                _sidata = LOADADDR (.data)

.data           0x0000000020000000       0x8c load address 0x0000000008005654
                0x0000000020000000                . = ALIGN (0x4)
                0x0000000020000000                _sdata = .
 *(.data)
 *(.data*)
 .data.SystemCoreClock
                0x0000000020000000        0x4 D:\stm32\stmlumi\ktgiuaky_thuctapcoso_group3\Driver\lib_stm\libLibraries.a(system_stm32f4xx.o)
                0x0000000020000000                SystemCoreClock
 .data.AHBPrescTable
                0x0000000020000004       0x10 D:\stm32\stmlumi\ktgiuaky_thuctapcoso_group3\Driver\lib_stm\libLibraries.a(system_stm32f4xx.o)
                0x0000000020000004                AHBPrescTable
 .data.APBAHBPrescTable
                0x0000000020000014       0x10 D:\stm32\stmlumi\ktgiuaky_thuctapcoso_group3\Driver\lib_stm\libLibraries.a(stm32f401re_rcc.o)
 .data.idTaskScanDecodeLen
                0x0000000020000024        0x1 D:\stm32\stmlumi\ktgiuaky_thuctapcoso_group3\Driver\lib_stm\libLibraries.a(ucg_font.o)
 *fill*         0x0000000020000025        0x3 
 .data._impure_ptr
                0x0000000020000028        0x4 d:/stm32/stm32cubeide_1.12.1/stm32cubeide/plugins/com.st.stm32cube.ide.mcu.externaltools.gnu-tools-for-stm32.10.3-2021.10.win32_1.0.200.202301161003/tools/bin/../lib/gcc/arm-none-eabi/10.3.1/../../../../arm-none-eabi/lib/thumb/v7e-m+fp/hard\libc_nano.a(lib_a-impure.o)
                0x0000000020000028                _impure_ptr
 .data.impure_data
                0x000000002000002c       0x60 d:/stm32/stm32cubeide_1.12.1/stm32cubeide/plugins/com.st.stm32cube.ide.mcu.externaltools.gnu-tools-for-stm32.10.3-2021.10.win32_1.0.200.202301161003/tools/bin/../lib/gcc/arm-none-eabi/10.3.1/../../../../arm-none-eabi/lib/thumb/v7e-m+fp/hard\libc_nano.a(lib_a-impure.o)
 *(.RamFunc)
 *(.RamFunc*)
                0x000000002000008c                . = ALIGN (0x4)
                0x000000002000008c                _edata = .

.igot.plt       0x000000002000008c        0x0 load address 0x00000000080056e0
 .igot.plt      0x000000002000008c        0x0 d:/stm32/stm32cubeide_1.12.1/stm32cubeide/plugins/com.st.stm32cube.ide.mcu.externaltools.gnu-tools-for-stm32.10.3-2021.10.win32_1.0.200.202301161003/tools/bin/../lib/gcc/arm-none-eabi/10.3.1/thumb/v7e-m+fp/hard/crtbegin.o
                0x000000002000008c                . = ALIGN (0x4)

.bss            0x000000002000008c     0x12f4 load address 0x00000000080056e0
                0x000000002000008c                _sbss = .
                0x000000002000008c                __bss_start__ = _sbss
 *(.bss)
 .bss           0x000000002000008c       0x1c d:/stm32/stm32cubeide_1.12.1/stm32cubeide/plugins/com.st.stm32cube.ide.mcu.externaltools.gnu-tools-for-stm32.10.3-2021.10.win32_1.0.200.202301161003/tools/bin/../lib/gcc/arm-none-eabi/10.3.1/thumb/v7e-m+fp/hard/crtbegin.o
 *(.bss*)
 .bss.ucg       0x00000000200000a8       0xb4 ./Src/main.o
 .bss.time_initial
                0x000000002000015c        0x4 ./Src/main.o
                0x000000002000015c                time_initial
 .bss.time_current
                0x0000000020000160        0x4 ./Src/main.o
                0x0000000020000160                time_current
 .bss.idTimer   0x0000000020000164        0x4 ./Src/main.o
                0x0000000020000164                idTimer
 .bss.src1      0x0000000020000168       0x14 ./Src/main.o
 .bss.src2      0x000000002000017c       0x14 ./Src/main.o
 .bss.src3      0x0000000020000190       0x14 ./Src/main.o
 .bss.src4      0x00000000200001a4       0x14 ./Src/main.o
 .bss.time_total
                0x00000000200001b8        0x4 ./Src/main.o
 .bss.temperature
                0x00000000200001bc        0x1 ./Src/main.o
 .bss.humidity  0x00000000200001bd        0x1 ./Src/main.o
 .bss.temperature1
                0x00000000200001be        0x1 ./Src/main.o
 .bss.humidity1
                0x00000000200001bf        0x1 ./Src/main.o
 .bss.__sbrk_heap_end
                0x00000000200001c0        0x4 ./Src/sysmem.o
 .bss.g_pTimerHandle
                0x00000000200001c4      0x180 D:\stm32\stmlumi\ktgiuaky_thuctapcoso_group3\Driver\lib_stm\libLibraries.a(timer.o)
 .bss.g_wMilSecTickTimer
                0x0000000020000344        0x4 D:\stm32\stmlumi\ktgiuaky_thuctapcoso_group3\Driver\lib_stm\libLibraries.a(timer.o)
 .bss.g_pUartQueueRx
                0x0000000020000348        0x8 D:\stm32\stmlumi\ktgiuaky_thuctapcoso_group3\Driver\lib_stm\libLibraries.a(serial.o)
 .bss.fontQueue
                0x0000000020000350       0x10 D:\stm32\stmlumi\ktgiuaky_thuctapcoso_group3\Driver\lib_stm\libLibraries.a(ucg_font.o)
 .bss.pQueueFont
                0x0000000020000360     0x1000 D:\stm32\stmlumi\ktgiuaky_thuctapcoso_group3\Driver\lib_stm\libLibraries.a(ucg_font.o)
 .bss.next.7562
                0x0000000020001360        0x1 D:\stm32\stmlumi\ktgiuaky_thuctapcoso_group3\Driver\lib_stm\libLibraries.a(ucg_font.o)
 *fill*         0x0000000020001361        0x3 
 .bss.__malloc_free_list
                0x0000000020001364        0x4 d:/stm32/stm32cubeide_1.12.1/stm32cubeide/plugins/com.st.stm32cube.ide.mcu.externaltools.gnu-tools-for-stm32.10.3-2021.10.win32_1.0.200.202301161003/tools/bin/../lib/gcc/arm-none-eabi/10.3.1/../../../../arm-none-eabi/lib/thumb/v7e-m+fp/hard\libc_nano.a(lib_a-nano-mallocr.o)
                0x0000000020001364                __malloc_free_list
 .bss.__malloc_sbrk_start
                0x0000000020001368        0x4 d:/stm32/stm32cubeide_1.12.1/stm32cubeide/plugins/com.st.stm32cube.ide.mcu.externaltools.gnu-tools-for-stm32.10.3-2021.10.win32_1.0.200.202301161003/tools/bin/../lib/gcc/arm-none-eabi/10.3.1/../../../../arm-none-eabi/lib/thumb/v7e-m+fp/hard\libc_nano.a(lib_a-nano-mallocr.o)
                0x0000000020001368                __malloc_sbrk_start
 .bss.errno     0x000000002000136c        0x4 d:/stm32/stm32cubeide_1.12.1/stm32cubeide/plugins/com.st.stm32cube.ide.mcu.externaltools.gnu-tools-for-stm32.10.3-2021.10.win32_1.0.200.202301161003/tools/bin/../lib/gcc/arm-none-eabi/10.3.1/../../../../arm-none-eabi/lib/thumb/v7e-m+fp/hard\libc_nano.a(lib_a-reent.o)
                0x000000002000136c                errno
 .bss.__lock___malloc_recursive_mutex
                0x0000000020001370        0x1 d:/stm32/stm32cubeide_1.12.1/stm32cubeide/plugins/com.st.stm32cube.ide.mcu.externaltools.gnu-tools-for-stm32.10.3-2021.10.win32_1.0.200.202301161003/tools/bin/../lib/gcc/arm-none-eabi/10.3.1/../../../../arm-none-eabi/lib/thumb/v7e-m+fp/hard\libc_nano.a(lib_a-lock.o)
                0x0000000020001370                __lock___malloc_recursive_mutex
 *(COMMON)
 *fill*         0x0000000020001371        0x3 
 COMMON         0x0000000020001374        0xc D:\stm32\stmlumi\ktgiuaky_thuctapcoso_group3\Driver\lib_stm\libLibraries.a(ucg_font.o)
                0x0000000020001374                ucg_draw_str
                0x0000000020001380                . = ALIGN (0x4)
                0x0000000020001380                _ebss = .
                0x0000000020001380                __bss_end__ = _ebss

._user_heap_stack
                0x0000000020001380      0x600 load address 0x00000000080056e0
                0x0000000020001380                . = ALIGN (0x8)
                [!provide]                        PROVIDE (end = .)
                0x0000000020001380                PROVIDE (_end = .)
                0x0000000020001580                . = (. + _Min_Heap_Size)
 *fill*         0x0000000020001380      0x200 
                0x0000000020001980                . = (. + _Min_Stack_Size)
 *fill*         0x0000000020001580      0x400 
                0x0000000020001980                . = ALIGN (0x8)

/DISCARD/
 libc.a(*)
 libm.a(*)
 libgcc.a(*)

.ARM.attributes
                0x0000000000000000       0x30
 *(.ARM.attributes)
 .ARM.attributes
                0x0000000000000000       0x1e d:/stm32/stm32cubeide_1.12.1/stm32cubeide/plugins/com.st.stm32cube.ide.mcu.externaltools.gnu-tools-for-stm32.10.3-2021.10.win32_1.0.200.202301161003/tools/bin/../lib/gcc/arm-none-eabi/10.3.1/thumb/v7e-m+fp/hard/crti.o
 .ARM.attributes
                0x000000000000001e       0x34 d:/stm32/stm32cubeide_1.12.1/stm32cubeide/plugins/com.st.stm32cube.ide.mcu.externaltools.gnu-tools-for-stm32.10.3-2021.10.win32_1.0.200.202301161003/tools/bin/../lib/gcc/arm-none-eabi/10.3.1/thumb/v7e-m+fp/hard/crtbegin.o
 .ARM.attributes
                0x0000000000000052       0x34 ./Src/main.o
 .ARM.attributes
                0x0000000000000086       0x34 ./Src/sysmem.o
 .ARM.attributes
                0x00000000000000ba       0x21 ./Startup/startup_stm32f401retx.o
 .ARM.attributes
                0x00000000000000db       0x39 D:\stm32\stmlumi\ktgiuaky_thuctapcoso_group3\Driver\lib_stm\libLibraries.a(system_stm32f4xx.o)
 .ARM.attributes
                0x0000000000000114       0x39 D:\stm32\stmlumi\ktgiuaky_thuctapcoso_group3\Driver\lib_stm\libLibraries.a(stm32f401re_gpio.o)
 .ARM.attributes
                0x000000000000014d       0x39 D:\stm32\stmlumi\ktgiuaky_thuctapcoso_group3\Driver\lib_stm\libLibraries.a(stm32f401re_i2c.o)
 .ARM.attributes
                0x0000000000000186       0x39 D:\stm32\stmlumi\ktgiuaky_thuctapcoso_group3\Driver\lib_stm\libLibraries.a(stm32f401re_rcc.o)
 .ARM.attributes
                0x00000000000001bf       0x39 D:\stm32\stmlumi\ktgiuaky_thuctapcoso_group3\Driver\lib_stm\libLibraries.a(timer.o)
 .ARM.attributes
                0x00000000000001f8       0x39 D:\stm32\stmlumi\ktgiuaky_thuctapcoso_group3\Driver\lib_stm\libLibraries.a(temhumsensor.o)
 .ARM.attributes
                0x0000000000000231       0x39 D:\stm32\stmlumi\ktgiuaky_thuctapcoso_group3\Driver\lib_stm\libLibraries.a(serial.o)
 .ARM.attributes
                0x000000000000026a       0x39 D:\stm32\stmlumi\ktgiuaky_thuctapcoso_group3\Driver\lib_stm\libLibraries.a(Ucglib.o)
 .ARM.attributes
                0x00000000000002a3       0x39 D:\stm32\stmlumi\ktgiuaky_thuctapcoso_group3\Driver\lib_stm\libLibraries.a(ucg_box.o)
 .ARM.attributes
                0x00000000000002dc       0x39 D:\stm32\stmlumi\ktgiuaky_thuctapcoso_group3\Driver\lib_stm\libLibraries.a(ucg_ccs.o)
 .ARM.attributes
                0x0000000000000315       0x39 D:\stm32\stmlumi\ktgiuaky_thuctapcoso_group3\Driver\lib_stm\libLibraries.a(ucg_dev_default_cb.o)
 .ARM.attributes
                0x000000000000034e       0x39 D:\stm32\stmlumi\ktgiuaky_thuctapcoso_group3\Driver\lib_stm\libLibraries.a(ucg_dev_ic_st7735.o)
 .ARM.attributes
                0x0000000000000387       0x39 D:\stm32\stmlumi\ktgiuaky_thuctapcoso_group3\Driver\lib_stm\libLibraries.a(ucg_dev_msg_api.o)
 .ARM.attributes
                0x00000000000003c0       0x39 D:\stm32\stmlumi\ktgiuaky_thuctapcoso_group3\Driver\lib_stm\libLibraries.a(ucg_dev_tft_128x128_st7735.o)
 .ARM.attributes
                0x00000000000003f9       0x39 D:\stm32\stmlumi\ktgiuaky_thuctapcoso_group3\Driver\lib_stm\libLibraries.a(ucg_font.o)
 .ARM.attributes
                0x0000000000000432       0x39 D:\stm32\stmlumi\ktgiuaky_thuctapcoso_group3\Driver\lib_stm\libLibraries.a(ucg_init.o)
 .ARM.attributes
                0x000000000000046b       0x39 D:\stm32\stmlumi\ktgiuaky_thuctapcoso_group3\Driver\lib_stm\libLibraries.a(ucg_line.o)
 .ARM.attributes
                0x00000000000004a4       0x39 D:\stm32\stmlumi\ktgiuaky_thuctapcoso_group3\Driver\lib_stm\libLibraries.a(ucg_pixel.o)
 .ARM.attributes
                0x00000000000004dd       0x39 D:\stm32\stmlumi\ktgiuaky_thuctapcoso_group3\Driver\lib_stm\libLibraries.a(ucg_pixel_font_data.o)
 .ARM.attributes
                0x0000000000000516       0x39 D:\stm32\stmlumi\ktgiuaky_thuctapcoso_group3\Driver\lib_stm\libLibraries.a(ucg_rotate.o)
 .ARM.attributes
                0x000000000000054f       0x39 D:\stm32\stmlumi\ktgiuaky_thuctapcoso_group3\Driver\lib_stm\libLibraries.a(buff.o)
 .ARM.attributes
                0x0000000000000588       0x39 D:\stm32\stmlumi\ktgiuaky_thuctapcoso_group3\Driver\lib_stm\libLibraries.a(utilities.o)
 .ARM.attributes
                0x00000000000005c1       0x39 D:\stm32\stmlumi\ktgiuaky_thuctapcoso_group3\Driver\lib_stm\libLibraries.a(stm32f401re_usart.o)
 .ARM.attributes
                0x00000000000005fa       0x39 D:\stm32\stmlumi\ktgiuaky_thuctapcoso_group3\Driver\lib_stm\libLibraries.a(ucg_clip.o)
 .ARM.attributes
                0x0000000000000633       0x39 D:\stm32\stmlumi\ktgiuaky_thuctapcoso_group3\Driver\lib_stm\libLibraries.a(ucg_com_msg_api.o)
 .ARM.attributes
                0x000000000000066c       0x34 d:/stm32/stm32cubeide_1.12.1/stm32cubeide/plugins/com.st.stm32cube.ide.mcu.externaltools.gnu-tools-for-stm32.10.3-2021.10.win32_1.0.200.202301161003/tools/bin/../lib/gcc/arm-none-eabi/10.3.1/../../../../arm-none-eabi/lib/thumb/v7e-m+fp/hard\libc_nano.a(lib_a-errno.o)
 .ARM.attributes
                0x00000000000006a0       0x34 d:/stm32/stm32cubeide_1.12.1/stm32cubeide/plugins/com.st.stm32cube.ide.mcu.externaltools.gnu-tools-for-stm32.10.3-2021.10.win32_1.0.200.202301161003/tools/bin/../lib/gcc/arm-none-eabi/10.3.1/../../../../arm-none-eabi/lib/thumb/v7e-m+fp/hard\libc_nano.a(lib_a-impure.o)
 .ARM.attributes
                0x00000000000006d4       0x34 d:/stm32/stm32cubeide_1.12.1/stm32cubeide/plugins/com.st.stm32cube.ide.mcu.externaltools.gnu-tools-for-stm32.10.3-2021.10.win32_1.0.200.202301161003/tools/bin/../lib/gcc/arm-none-eabi/10.3.1/../../../../arm-none-eabi/lib/thumb/v7e-m+fp/hard\libc_nano.a(lib_a-init.o)
 .ARM.attributes
                0x0000000000000708       0x34 d:/stm32/stm32cubeide_1.12.1/stm32cubeide/plugins/com.st.stm32cube.ide.mcu.externaltools.gnu-tools-for-stm32.10.3-2021.10.win32_1.0.200.202301161003/tools/bin/../lib/gcc/arm-none-eabi/10.3.1/../../../../arm-none-eabi/lib/thumb/v7e-m+fp/hard\libc_nano.a(lib_a-memset.o)
 .ARM.attributes
                0x000000000000073c       0x34 d:/stm32/stm32cubeide_1.12.1/stm32cubeide/plugins/com.st.stm32cube.ide.mcu.externaltools.gnu-tools-for-stm32.10.3-2021.10.win32_1.0.200.202301161003/tools/bin/../lib/gcc/arm-none-eabi/10.3.1/../../../../arm-none-eabi/lib/thumb/v7e-m+fp/hard\libc_nano.a(lib_a-sprintf.o)
 .ARM.attributes
                0x0000000000000770       0x34 d:/stm32/stm32cubeide_1.12.1/stm32cubeide/plugins/com.st.stm32cube.ide.mcu.externaltools.gnu-tools-for-stm32.10.3-2021.10.win32_1.0.200.202301161003/tools/bin/../lib/gcc/arm-none-eabi/10.3.1/../../../../arm-none-eabi/lib/thumb/v7e-m+fp/hard\libc_nano.a(lib_a-nano-svfprintf.o)
 .ARM.attributes
                0x00000000000007a4       0x34 d:/stm32/stm32cubeide_1.12.1/stm32cubeide/plugins/com.st.stm32cube.ide.mcu.externaltools.gnu-tools-for-stm32.10.3-2021.10.win32_1.0.200.202301161003/tools/bin/../lib/gcc/arm-none-eabi/10.3.1/../../../../arm-none-eabi/lib/thumb/v7e-m+fp/hard\libc_nano.a(lib_a-nano-vfprintf_i.o)
 .ARM.attributes
                0x00000000000007d8       0x1c d:/stm32/stm32cubeide_1.12.1/stm32cubeide/plugins/com.st.stm32cube.ide.mcu.externaltools.gnu-tools-for-stm32.10.3-2021.10.win32_1.0.200.202301161003/tools/bin/../lib/gcc/arm-none-eabi/10.3.1/../../../../arm-none-eabi/lib/thumb/v7e-m+fp/hard\libc_nano.a(lib_a-memchr.o)
 .ARM.attributes
                0x00000000000007f4       0x34 d:/stm32/stm32cubeide_1.12.1/stm32cubeide/plugins/com.st.stm32cube.ide.mcu.externaltools.gnu-tools-for-stm32.10.3-2021.10.win32_1.0.200.202301161003/tools/bin/../lib/gcc/arm-none-eabi/10.3.1/../../../../arm-none-eabi/lib/thumb/v7e-m+fp/hard\libc_nano.a(lib_a-memcpy-stub.o)
 .ARM.attributes
                0x0000000000000828       0x34 d:/stm32/stm32cubeide_1.12.1/stm32cubeide/plugins/com.st.stm32cube.ide.mcu.externaltools.gnu-tools-for-stm32.10.3-2021.10.win32_1.0.200.202301161003/tools/bin/../lib/gcc/arm-none-eabi/10.3.1/../../../../arm-none-eabi/lib/thumb/v7e-m+fp/hard\libc_nano.a(lib_a-memmove.o)
 .ARM.attributes
                0x000000000000085c       0x34 d:/stm32/stm32cubeide_1.12.1/stm32cubeide/plugins/com.st.stm32cube.ide.mcu.externaltools.gnu-tools-for-stm32.10.3-2021.10.win32_1.0.200.202301161003/tools/bin/../lib/gcc/arm-none-eabi/10.3.1/../../../../arm-none-eabi/lib/thumb/v7e-m+fp/hard\libc_nano.a(lib_a-nano-freer.o)
 .ARM.attributes
                0x0000000000000890       0x34 d:/stm32/stm32cubeide_1.12.1/stm32cubeide/plugins/com.st.stm32cube.ide.mcu.externaltools.gnu-tools-for-stm32.10.3-2021.10.win32_1.0.200.202301161003/tools/bin/../lib/gcc/arm-none-eabi/10.3.1/../../../../arm-none-eabi/lib/thumb/v7e-m+fp/hard\libc_nano.a(lib_a-nano-mallocr.o)
 .ARM.attributes
                0x00000000000008c4       0x34 d:/stm32/stm32cubeide_1.12.1/stm32cubeide/plugins/com.st.stm32cube.ide.mcu.externaltools.gnu-tools-for-stm32.10.3-2021.10.win32_1.0.200.202301161003/tools/bin/../lib/gcc/arm-none-eabi/10.3.1/../../../../arm-none-eabi/lib/thumb/v7e-m+fp/hard\libc_nano.a(lib_a-nano-reallocr.o)
 .ARM.attributes
                0x00000000000008f8       0x34 d:/stm32/stm32cubeide_1.12.1/stm32cubeide/plugins/com.st.stm32cube.ide.mcu.externaltools.gnu-tools-for-stm32.10.3-2021.10.win32_1.0.200.202301161003/tools/bin/../lib/gcc/arm-none-eabi/10.3.1/../../../../arm-none-eabi/lib/thumb/v7e-m+fp/hard\libc_nano.a(lib_a-sbrkr.o)
 .ARM.attributes
                0x000000000000092c       0x34 d:/stm32/stm32cubeide_1.12.1/stm32cubeide/plugins/com.st.stm32cube.ide.mcu.externaltools.gnu-tools-for-stm32.10.3-2021.10.win32_1.0.200.202301161003/tools/bin/../lib/gcc/arm-none-eabi/10.3.1/../../../../arm-none-eabi/lib/thumb/v7e-m+fp/hard\libc_nano.a(lib_a-mlock.o)
 .ARM.attributes
                0x0000000000000960       0x34 d:/stm32/stm32cubeide_1.12.1/stm32cubeide/plugins/com.st.stm32cube.ide.mcu.externaltools.gnu-tools-for-stm32.10.3-2021.10.win32_1.0.200.202301161003/tools/bin/../lib/gcc/arm-none-eabi/10.3.1/../../../../arm-none-eabi/lib/thumb/v7e-m+fp/hard\libc_nano.a(lib_a-nano-msizer.o)
 .ARM.attributes
                0x0000000000000994       0x34 d:/stm32/stm32cubeide_1.12.1/stm32cubeide/plugins/com.st.stm32cube.ide.mcu.externaltools.gnu-tools-for-stm32.10.3-2021.10.win32_1.0.200.202301161003/tools/bin/../lib/gcc/arm-none-eabi/10.3.1/../../../../arm-none-eabi/lib/thumb/v7e-m+fp/hard\libc_nano.a(lib_a-reent.o)
 .ARM.attributes
                0x00000000000009c8       0x34 d:/stm32/stm32cubeide_1.12.1/stm32cubeide/plugins/com.st.stm32cube.ide.mcu.externaltools.gnu-tools-for-stm32.10.3-2021.10.win32_1.0.200.202301161003/tools/bin/../lib/gcc/arm-none-eabi/10.3.1/../../../../arm-none-eabi/lib/thumb/v7e-m+fp/hard\libc_nano.a(lib_a-lock.o)
 .ARM.attributes
                0x00000000000009fc       0x1e d:/stm32/stm32cubeide_1.12.1/stm32cubeide/plugins/com.st.stm32cube.ide.mcu.externaltools.gnu-tools-for-stm32.10.3-2021.10.win32_1.0.200.202301161003/tools/bin/../lib/gcc/arm-none-eabi/10.3.1/thumb/v7e-m+fp/hard/crtn.o
OUTPUT(ktgiuaky_thuctapcoso_group3.elf elf32-littlearm)
LOAD linker stubs
LOAD d:/stm32/stm32cubeide_1.12.1/stm32cubeide/plugins/com.st.stm32cube.ide.mcu.externaltools.gnu-tools-for-stm32.10.3-2021.10.win32_1.0.200.202301161003/tools/bin/../lib/gcc/arm-none-eabi/10.3.1/../../../../arm-none-eabi/lib/thumb/v7e-m+fp/hard\libc.a
LOAD d:/stm32/stm32cubeide_1.12.1/stm32cubeide/plugins/com.st.stm32cube.ide.mcu.externaltools.gnu-tools-for-stm32.10.3-2021.10.win32_1.0.200.202301161003/tools/bin/../lib/gcc/arm-none-eabi/10.3.1/../../../../arm-none-eabi/lib/thumb/v7e-m+fp/hard\libm.a
LOAD d:/stm32/stm32cubeide_1.12.1/stm32cubeide/plugins/com.st.stm32cube.ide.mcu.externaltools.gnu-tools-for-stm32.10.3-2021.10.win32_1.0.200.202301161003/tools/bin/../lib/gcc/arm-none-eabi/10.3.1/thumb/v7e-m+fp/hard\libgcc.a

.debug_info     0x0000000000000000    0x37c2d
 .debug_info    0x0000000000000000     0x14fa ./Src/main.o
 .debug_info    0x00000000000014fa      0x171 ./Src/sysmem.o
 .debug_info    0x000000000000166b       0x22 ./Startup/startup_stm32f401retx.o
 .debug_info    0x000000000000168d      0x5bb D:\stm32\stmlumi\ktgiuaky_thuctapcoso_group3\Driver\lib_stm\libLibraries.a(system_stm32f4xx.o)
 .debug_info    0x0000000000001c48      0x62b D:\stm32\stmlumi\ktgiuaky_thuctapcoso_group3\Driver\lib_stm\libLibraries.a(stm32f401re_gpio.o)
 .debug_info    0x0000000000002273      0xb9e D:\stm32\stmlumi\ktgiuaky_thuctapcoso_group3\Driver\lib_stm\libLibraries.a(stm32f401re_i2c.o)
 .debug_info    0x0000000000002e11      0xd5e D:\stm32\stmlumi\ktgiuaky_thuctapcoso_group3\Driver\lib_stm\libLibraries.a(stm32f401re_rcc.o)
 .debug_info    0x0000000000003b6f      0x922 D:\stm32\stmlumi\ktgiuaky_thuctapcoso_group3\Driver\lib_stm\libLibraries.a(timer.o)
 .debug_info    0x0000000000004491      0xafd D:\stm32\stmlumi\ktgiuaky_thuctapcoso_group3\Driver\lib_stm\libLibraries.a(temhumsensor.o)
 .debug_info    0x0000000000004f8e      0xb11 D:\stm32\stmlumi\ktgiuaky_thuctapcoso_group3\Driver\lib_stm\libLibraries.a(serial.o)
 .debug_info    0x0000000000005a9f     0x333f D:\stm32\stmlumi\ktgiuaky_thuctapcoso_group3\Driver\lib_stm\libLibraries.a(Ucglib.o)
 .debug_info    0x0000000000008dde     0x329d D:\stm32\stmlumi\ktgiuaky_thuctapcoso_group3\Driver\lib_stm\libLibraries.a(ucg_box.o)
 .debug_info    0x000000000000c07b     0x2b08 D:\stm32\stmlumi\ktgiuaky_thuctapcoso_group3\Driver\lib_stm\libLibraries.a(ucg_ccs.o)
 .debug_info    0x000000000000eb83     0x324b D:\stm32\stmlumi\ktgiuaky_thuctapcoso_group3\Driver\lib_stm\libLibraries.a(ucg_dev_default_cb.o)
 .debug_info    0x0000000000011dce     0x3272 D:\stm32\stmlumi\ktgiuaky_thuctapcoso_group3\Driver\lib_stm\libLibraries.a(ucg_dev_ic_st7735.o)
 .debug_info    0x0000000000015040     0x3178 D:\stm32\stmlumi\ktgiuaky_thuctapcoso_group3\Driver\lib_stm\libLibraries.a(ucg_dev_msg_api.o)
 .debug_info    0x00000000000181b8     0x303e D:\stm32\stmlumi\ktgiuaky_thuctapcoso_group3\Driver\lib_stm\libLibraries.a(ucg_dev_tft_128x128_st7735.o)
 .debug_info    0x000000000001b1f6     0x43ab D:\stm32\stmlumi\ktgiuaky_thuctapcoso_group3\Driver\lib_stm\libLibraries.a(ucg_font.o)
 .debug_info    0x000000000001f5a1     0x3856 D:\stm32\stmlumi\ktgiuaky_thuctapcoso_group3\Driver\lib_stm\libLibraries.a(ucg_init.o)
 .debug_info    0x0000000000022df7     0x3222 D:\stm32\stmlumi\ktgiuaky_thuctapcoso_group3\Driver\lib_stm\libLibraries.a(ucg_line.o)
 .debug_info    0x0000000000026019     0x3056 D:\stm32\stmlumi\ktgiuaky_thuctapcoso_group3\Driver\lib_stm\libLibraries.a(ucg_pixel.o)
 .debug_info    0x000000000002906f     0x43df D:\stm32\stmlumi\ktgiuaky_thuctapcoso_group3\Driver\lib_stm\libLibraries.a(ucg_pixel_font_data.o)
 .debug_info    0x000000000002d44e     0x3231 D:\stm32\stmlumi\ktgiuaky_thuctapcoso_group3\Driver\lib_stm\libLibraries.a(ucg_rotate.o)
 .debug_info    0x000000000003067f      0x339 D:\stm32\stmlumi\ktgiuaky_thuctapcoso_group3\Driver\lib_stm\libLibraries.a(buff.o)
 .debug_info    0x00000000000309b8      0x2bd D:\stm32\stmlumi\ktgiuaky_thuctapcoso_group3\Driver\lib_stm\libLibraries.a(utilities.o)
 .debug_info    0x0000000000030c75      0x9d4 D:\stm32\stmlumi\ktgiuaky_thuctapcoso_group3\Driver\lib_stm\libLibraries.a(stm32f401re_usart.o)
 .debug_info    0x0000000000031649     0x315a D:\stm32\stmlumi\ktgiuaky_thuctapcoso_group3\Driver\lib_stm\libLibraries.a(ucg_clip.o)
 .debug_info    0x00000000000347a3     0x348a D:\stm32\stmlumi\ktgiuaky_thuctapcoso_group3\Driver\lib_stm\libLibraries.a(ucg_com_msg_api.o)

.debug_abbrev   0x0000000000000000     0x2de9
 .debug_abbrev  0x0000000000000000      0x3b9 ./Src/main.o
 .debug_abbrev  0x00000000000003b9       0xbb ./Src/sysmem.o
 .debug_abbrev  0x0000000000000474       0x12 ./Startup/startup_stm32f401retx.o
 .debug_abbrev  0x0000000000000486      0x138 D:\stm32\stmlumi\ktgiuaky_thuctapcoso_group3\Driver\lib_stm\libLibraries.a(system_stm32f4xx.o)
 .debug_abbrev  0x00000000000005be      0x1bf D:\stm32\stmlumi\ktgiuaky_thuctapcoso_group3\Driver\lib_stm\libLibraries.a(stm32f401re_gpio.o)
 .debug_abbrev  0x000000000000077d      0x196 D:\stm32\stmlumi\ktgiuaky_thuctapcoso_group3\Driver\lib_stm\libLibraries.a(stm32f401re_i2c.o)
 .debug_abbrev  0x0000000000000913      0x1d4 D:\stm32\stmlumi\ktgiuaky_thuctapcoso_group3\Driver\lib_stm\libLibraries.a(stm32f401re_rcc.o)
 .debug_abbrev  0x0000000000000ae7      0x29a D:\stm32\stmlumi\ktgiuaky_thuctapcoso_group3\Driver\lib_stm\libLibraries.a(timer.o)
 .debug_abbrev  0x0000000000000d81      0x24a D:\stm32\stmlumi\ktgiuaky_thuctapcoso_group3\Driver\lib_stm\libLibraries.a(temhumsensor.o)
 .debug_abbrev  0x0000000000000fcb      0x2ba D:\stm32\stmlumi\ktgiuaky_thuctapcoso_group3\Driver\lib_stm\libLibraries.a(serial.o)
 .debug_abbrev  0x0000000000001285      0x202 D:\stm32\stmlumi\ktgiuaky_thuctapcoso_group3\Driver\lib_stm\libLibraries.a(Ucglib.o)
 .debug_abbrev  0x0000000000001487      0x18b D:\stm32\stmlumi\ktgiuaky_thuctapcoso_group3\Driver\lib_stm\libLibraries.a(ucg_box.o)
 .debug_abbrev  0x0000000000001612       0xf5 D:\stm32\stmlumi\ktgiuaky_thuctapcoso_group3\Driver\lib_stm\libLibraries.a(ucg_ccs.o)
 .debug_abbrev  0x0000000000001707      0x19e D:\stm32\stmlumi\ktgiuaky_thuctapcoso_group3\Driver\lib_stm\libLibraries.a(ucg_dev_default_cb.o)
 .debug_abbrev  0x00000000000018a5      0x1dc D:\stm32\stmlumi\ktgiuaky_thuctapcoso_group3\Driver\lib_stm\libLibraries.a(ucg_dev_ic_st7735.o)
 .debug_abbrev  0x0000000000001a81      0x191 D:\stm32\stmlumi\ktgiuaky_thuctapcoso_group3\Driver\lib_stm\libLibraries.a(ucg_dev_msg_api.o)
 .debug_abbrev  0x0000000000001c12      0x14e D:\stm32\stmlumi\ktgiuaky_thuctapcoso_group3\Driver\lib_stm\libLibraries.a(ucg_dev_tft_128x128_st7735.o)
 .debug_abbrev  0x0000000000001d60      0x2fc D:\stm32\stmlumi\ktgiuaky_thuctapcoso_group3\Driver\lib_stm\libLibraries.a(ucg_font.o)
 .debug_abbrev  0x000000000000205c      0x1c6 D:\stm32\stmlumi\ktgiuaky_thuctapcoso_group3\Driver\lib_stm\libLibraries.a(ucg_init.o)
 .debug_abbrev  0x0000000000002222      0x175 D:\stm32\stmlumi\ktgiuaky_thuctapcoso_group3\Driver\lib_stm\libLibraries.a(ucg_line.o)
 .debug_abbrev  0x0000000000002397      0x148 D:\stm32\stmlumi\ktgiuaky_thuctapcoso_group3\Driver\lib_stm\libLibraries.a(ucg_pixel.o)
 .debug_abbrev  0x00000000000024df       0x83 D:\stm32\stmlumi\ktgiuaky_thuctapcoso_group3\Driver\lib_stm\libLibraries.a(ucg_pixel_font_data.o)
 .debug_abbrev  0x0000000000002562      0x1a3 D:\stm32\stmlumi\ktgiuaky_thuctapcoso_group3\Driver\lib_stm\libLibraries.a(ucg_rotate.o)
 .debug_abbrev  0x0000000000002705      0x12a D:\stm32\stmlumi\ktgiuaky_thuctapcoso_group3\Driver\lib_stm\libLibraries.a(buff.o)
 .debug_abbrev  0x000000000000282f       0xce D:\stm32\stmlumi\ktgiuaky_thuctapcoso_group3\Driver\lib_stm\libLibraries.a(utilities.o)
 .debug_abbrev  0x00000000000028fd      0x187 D:\stm32\stmlumi\ktgiuaky_thuctapcoso_group3\Driver\lib_stm\libLibraries.a(stm32f401re_usart.o)
 .debug_abbrev  0x0000000000002a84      0x173 D:\stm32\stmlumi\ktgiuaky_thuctapcoso_group3\Driver\lib_stm\libLibraries.a(ucg_clip.o)
 .debug_abbrev  0x0000000000002bf7      0x1f2 D:\stm32\stmlumi\ktgiuaky_thuctapcoso_group3\Driver\lib_stm\libLibraries.a(ucg_com_msg_api.o)

.debug_aranges  0x0000000000000000      0xd78
 .debug_aranges
                0x0000000000000000      0x108 ./Src/main.o
 .debug_aranges
                0x0000000000000108       0x20 ./Src/sysmem.o
 .debug_aranges
                0x0000000000000128       0x28 ./Startup/startup_stm32f401retx.o
 .debug_aranges
                0x0000000000000150       0x30 D:\stm32\stmlumi\ktgiuaky_thuctapcoso_group3\Driver\lib_stm\libLibraries.a(system_stm32f4xx.o)
 .debug_aranges
                0x0000000000000180       0x88 D:\stm32\stmlumi\ktgiuaky_thuctapcoso_group3\Driver\lib_stm\libLibraries.a(stm32f401re_gpio.o)
 .debug_aranges
                0x0000000000000208      0x130 D:\stm32\stmlumi\ktgiuaky_thuctapcoso_group3\Driver\lib_stm\libLibraries.a(stm32f401re_i2c.o)
 .debug_aranges
                0x0000000000000338      0x198 D:\stm32\stmlumi\ktgiuaky_thuctapcoso_group3\Driver\lib_stm\libLibraries.a(stm32f401re_rcc.o)
 .debug_aranges
                0x00000000000004d0       0x70 D:\stm32\stmlumi\ktgiuaky_thuctapcoso_group3\Driver\lib_stm\libLibraries.a(timer.o)
 .debug_aranges
                0x0000000000000540       0xe8 D:\stm32\stmlumi\ktgiuaky_thuctapcoso_group3\Driver\lib_stm\libLibraries.a(temhumsensor.o)
 .debug_aranges
                0x0000000000000628       0x80 D:\stm32\stmlumi\ktgiuaky_thuctapcoso_group3\Driver\lib_stm\libLibraries.a(serial.o)
 .debug_aranges
                0x00000000000006a8       0x48 D:\stm32\stmlumi\ktgiuaky_thuctapcoso_group3\Driver\lib_stm\libLibraries.a(Ucglib.o)
 .debug_aranges
                0x00000000000006f0       0x48 D:\stm32\stmlumi\ktgiuaky_thuctapcoso_group3\Driver\lib_stm\libLibraries.a(ucg_box.o)
 .debug_aranges
                0x0000000000000738       0x30 D:\stm32\stmlumi\ktgiuaky_thuctapcoso_group3\Driver\lib_stm\libLibraries.a(ucg_ccs.o)
 .debug_aranges
                0x0000000000000768       0x48 D:\stm32\stmlumi\ktgiuaky_thuctapcoso_group3\Driver\lib_stm\libLibraries.a(ucg_dev_default_cb.o)
 .debug_aranges
                0x00000000000007b0       0x40 D:\stm32\stmlumi\ktgiuaky_thuctapcoso_group3\Driver\lib_stm\libLibraries.a(ucg_dev_ic_st7735.o)
 .debug_aranges
                0x00000000000007f0       0x60 D:\stm32\stmlumi\ktgiuaky_thuctapcoso_group3\Driver\lib_stm\libLibraries.a(ucg_dev_msg_api.o)
 .debug_aranges
                0x0000000000000850       0x20 D:\stm32\stmlumi\ktgiuaky_thuctapcoso_group3\Driver\lib_stm\libLibraries.a(ucg_dev_tft_128x128_st7735.o)
 .debug_aranges
                0x0000000000000870      0x168 D:\stm32\stmlumi\ktgiuaky_thuctapcoso_group3\Driver\lib_stm\libLibraries.a(ucg_font.o)
 .debug_aranges
                0x00000000000009d8       0x28 D:\stm32\stmlumi\ktgiuaky_thuctapcoso_group3\Driver\lib_stm\libLibraries.a(ucg_init.o)
 .debug_aranges
                0x0000000000000a00       0x48 D:\stm32\stmlumi\ktgiuaky_thuctapcoso_group3\Driver\lib_stm\libLibraries.a(ucg_line.o)
 .debug_aranges
                0x0000000000000a48       0x28 D:\stm32\stmlumi\ktgiuaky_thuctapcoso_group3\Driver\lib_stm\libLibraries.a(ucg_pixel.o)
 .debug_aranges
                0x0000000000000a70       0x18 D:\stm32\stmlumi\ktgiuaky_thuctapcoso_group3\Driver\lib_stm\libLibraries.a(ucg_pixel_font_data.o)
 .debug_aranges
                0x0000000000000a88       0x68 D:\stm32\stmlumi\ktgiuaky_thuctapcoso_group3\Driver\lib_stm\libLibraries.a(ucg_rotate.o)
 .debug_aranges
                0x0000000000000af0       0x50 D:\stm32\stmlumi\ktgiuaky_thuctapcoso_group3\Driver\lib_stm\libLibraries.a(buff.o)
 .debug_aranges
                0x0000000000000b40       0x48 D:\stm32\stmlumi\ktgiuaky_thuctapcoso_group3\Driver\lib_stm\libLibraries.a(utilities.o)
 .debug_aranges
                0x0000000000000b88      0x100 D:\stm32\stmlumi\ktgiuaky_thuctapcoso_group3\Driver\lib_stm\libLibraries.a(stm32f401re_usart.o)
 .debug_aranges
                0x0000000000000c88       0x50 D:\stm32\stmlumi\ktgiuaky_thuctapcoso_group3\Driver\lib_stm\libLibraries.a(ucg_clip.o)
 .debug_aranges
                0x0000000000000cd8       0xa0 D:\stm32\stmlumi\ktgiuaky_thuctapcoso_group3\Driver\lib_stm\libLibraries.a(ucg_com_msg_api.o)

.debug_ranges   0x0000000000000000      0xbb8
 .debug_ranges  0x0000000000000000       0xf8 ./Src/main.o
 .debug_ranges  0x00000000000000f8       0x10 ./Src/sysmem.o
 .debug_ranges  0x0000000000000108       0x20 ./Startup/startup_stm32f401retx.o
 .debug_ranges  0x0000000000000128       0x20 D:\stm32\stmlumi\ktgiuaky_thuctapcoso_group3\Driver\lib_stm\libLibraries.a(system_stm32f4xx.o)
 .debug_ranges  0x0000000000000148       0x78 D:\stm32\stmlumi\ktgiuaky_thuctapcoso_group3\Driver\lib_stm\libLibraries.a(stm32f401re_gpio.o)
 .debug_ranges  0x00000000000001c0      0x120 D:\stm32\stmlumi\ktgiuaky_thuctapcoso_group3\Driver\lib_stm\libLibraries.a(stm32f401re_i2c.o)
 .debug_ranges  0x00000000000002e0      0x188 D:\stm32\stmlumi\ktgiuaky_thuctapcoso_group3\Driver\lib_stm\libLibraries.a(stm32f401re_rcc.o)
 .debug_ranges  0x0000000000000468       0x60 D:\stm32\stmlumi\ktgiuaky_thuctapcoso_group3\Driver\lib_stm\libLibraries.a(timer.o)
 .debug_ranges  0x00000000000004c8       0xd8 D:\stm32\stmlumi\ktgiuaky_thuctapcoso_group3\Driver\lib_stm\libLibraries.a(temhumsensor.o)
 .debug_ranges  0x00000000000005a0       0x70 D:\stm32\stmlumi\ktgiuaky_thuctapcoso_group3\Driver\lib_stm\libLibraries.a(serial.o)
 .debug_ranges  0x0000000000000610       0x38 D:\stm32\stmlumi\ktgiuaky_thuctapcoso_group3\Driver\lib_stm\libLibraries.a(Ucglib.o)
 .debug_ranges  0x0000000000000648       0x38 D:\stm32\stmlumi\ktgiuaky_thuctapcoso_group3\Driver\lib_stm\libLibraries.a(ucg_box.o)
 .debug_ranges  0x0000000000000680       0x20 D:\stm32\stmlumi\ktgiuaky_thuctapcoso_group3\Driver\lib_stm\libLibraries.a(ucg_ccs.o)
 .debug_ranges  0x00000000000006a0       0x38 D:\stm32\stmlumi\ktgiuaky_thuctapcoso_group3\Driver\lib_stm\libLibraries.a(ucg_dev_default_cb.o)
 .debug_ranges  0x00000000000006d8       0x30 D:\stm32\stmlumi\ktgiuaky_thuctapcoso_group3\Driver\lib_stm\libLibraries.a(ucg_dev_ic_st7735.o)
 .debug_ranges  0x0000000000000708       0x50 D:\stm32\stmlumi\ktgiuaky_thuctapcoso_group3\Driver\lib_stm\libLibraries.a(ucg_dev_msg_api.o)
 .debug_ranges  0x0000000000000758       0x10 D:\stm32\stmlumi\ktgiuaky_thuctapcoso_group3\Driver\lib_stm\libLibraries.a(ucg_dev_tft_128x128_st7735.o)
 .debug_ranges  0x0000000000000768      0x158 D:\stm32\stmlumi\ktgiuaky_thuctapcoso_group3\Driver\lib_stm\libLibraries.a(ucg_font.o)
 .debug_ranges  0x00000000000008c0       0x18 D:\stm32\stmlumi\ktgiuaky_thuctapcoso_group3\Driver\lib_stm\libLibraries.a(ucg_init.o)
 .debug_ranges  0x00000000000008d8       0x38 D:\stm32\stmlumi\ktgiuaky_thuctapcoso_group3\Driver\lib_stm\libLibraries.a(ucg_line.o)
 .debug_ranges  0x0000000000000910       0x18 D:\stm32\stmlumi\ktgiuaky_thuctapcoso_group3\Driver\lib_stm\libLibraries.a(ucg_pixel.o)
 .debug_ranges  0x0000000000000928       0x58 D:\stm32\stmlumi\ktgiuaky_thuctapcoso_group3\Driver\lib_stm\libLibraries.a(ucg_rotate.o)
 .debug_ranges  0x0000000000000980       0x40 D:\stm32\stmlumi\ktgiuaky_thuctapcoso_group3\Driver\lib_stm\libLibraries.a(buff.o)
 .debug_ranges  0x00000000000009c0       0x38 D:\stm32\stmlumi\ktgiuaky_thuctapcoso_group3\Driver\lib_stm\libLibraries.a(utilities.o)
 .debug_ranges  0x00000000000009f8       0xf0 D:\stm32\stmlumi\ktgiuaky_thuctapcoso_group3\Driver\lib_stm\libLibraries.a(stm32f401re_usart.o)
 .debug_ranges  0x0000000000000ae8       0x40 D:\stm32\stmlumi\ktgiuaky_thuctapcoso_group3\Driver\lib_stm\libLibraries.a(ucg_clip.o)
 .debug_ranges  0x0000000000000b28       0x90 D:\stm32\stmlumi\ktgiuaky_thuctapcoso_group3\Driver\lib_stm\libLibraries.a(ucg_com_msg_api.o)

.debug_macro    0x0000000000000000     0xffbd
 .debug_macro   0x0000000000000000      0x417 ./Src/main.o
 .debug_macro   0x0000000000000417      0xa7e ./Src/main.o
 .debug_macro   0x0000000000000e95       0x22 ./Src/main.o
 .debug_macro   0x0000000000000eb7       0x8e ./Src/main.o
 .debug_macro   0x0000000000000f45       0x51 ./Src/main.o
 .debug_macro   0x0000000000000f96      0x103 ./Src/main.o
 .debug_macro   0x0000000000001099       0x6a ./Src/main.o
 .debug_macro   0x0000000000001103      0x1df ./Src/main.o
 .debug_macro   0x00000000000012e2       0x7c ./Src/main.o
 .debug_macro   0x000000000000135e      0x174 ./Src/main.o
 .debug_macro   0x00000000000014d2       0x22 ./Src/main.o
 .debug_macro   0x00000000000014f4      0x301 ./Src/main.o
 .debug_macro   0x00000000000017f5       0x6b ./Src/main.o
 .debug_macro   0x0000000000001860       0x3b ./Src/main.o
 .debug_macro   0x000000000000189b       0x34 ./Src/main.o
 .debug_macro   0x00000000000018cf       0x26 ./Src/main.o
 .debug_macro   0x00000000000018f5      0xe43 ./Src/main.o
 .debug_macro   0x0000000000002738     0x8018 ./Src/main.o
 .debug_macro   0x000000000000a750      0x2b4 ./Src/main.o
 .debug_macro   0x000000000000aa04      0x36c ./Src/main.o
 .debug_macro   0x000000000000ad70       0x52 ./Src/main.o
 .debug_macro   0x000000000000adc2       0x1e ./Src/main.o
 .debug_macro   0x000000000000ade0       0x3c ./Src/main.o
 .debug_macro   0x000000000000ae1c       0x34 ./Src/main.o
 .debug_macro   0x000000000000ae50       0x16 ./Src/main.o
 .debug_macro   0x000000000000ae66       0x43 ./Src/main.o
 .debug_macro   0x000000000000aea9       0x34 ./Src/main.o
 .debug_macro   0x000000000000aedd       0x10 ./Src/main.o
 .debug_macro   0x000000000000aeed       0x58 ./Src/main.o
 .debug_macro   0x000000000000af45       0x71 ./Src/main.o
 .debug_macro   0x000000000000afb6       0x1c ./Src/main.o
 .debug_macro   0x000000000000afd2      0x12a ./Src/main.o
 .debug_macro   0x000000000000b0fc      0x341 ./Src/main.o
 .debug_macro   0x000000000000b43d       0x10 ./Src/main.o
 .debug_macro   0x000000000000b44d       0x35 ./Src/main.o
 .debug_macro   0x000000000000b482       0x20 ./Src/main.o
 .debug_macro   0x000000000000b4a2      0x2f4 ./Src/main.o
 .debug_macro   0x000000000000b796      0x64a ./Src/main.o
 .debug_macro   0x000000000000bde0       0x1c ./Src/main.o
 .debug_macro   0x000000000000bdfc       0x10 ./Src/main.o
 .debug_macro   0x000000000000be0c       0x10 ./Src/main.o
 .debug_macro   0x000000000000be1c       0x1c ./Src/main.o
 .debug_macro   0x000000000000be38       0x52 ./Src/main.o
 .debug_macro   0x000000000000be8a       0x22 ./Src/main.o
 .debug_macro   0x000000000000beac       0x10 ./Src/main.o
 .debug_macro   0x000000000000bebc       0x52 ./Src/main.o
 .debug_macro   0x000000000000bf0e       0xd5 ./Src/main.o
 .debug_macro   0x000000000000bfe3       0x1c ./Src/main.o
 .debug_macro   0x000000000000bfff       0x3d ./Src/main.o
 .debug_macro   0x000000000000c03c       0x16 ./Src/main.o
 .debug_macro   0x000000000000c052      0x145 ./Src/main.o
 .debug_macro   0x000000000000c197       0xff ./Src/sysmem.o
 .debug_macro   0x000000000000c296      0x23b ./Src/sysmem.o
 .debug_macro   0x000000000000c4d1       0xce D:\stm32\stmlumi\ktgiuaky_thuctapcoso_group3\Driver\lib_stm\libLibraries.a(system_stm32f4xx.o)
 .debug_macro   0x000000000000c59f      0xa66 D:\stm32\stmlumi\ktgiuaky_thuctapcoso_group3\Driver\lib_stm\libLibraries.a(system_stm32f4xx.o)
 .debug_macro   0x000000000000d005       0x22 D:\stm32\stmlumi\ktgiuaky_thuctapcoso_group3\Driver\lib_stm\libLibraries.a(system_stm32f4xx.o)
 .debug_macro   0x000000000000d027       0xef D:\stm32\stmlumi\ktgiuaky_thuctapcoso_group3\Driver\lib_stm\libLibraries.a(system_stm32f4xx.o)
 .debug_macro   0x000000000000d116       0xc3 D:\stm32\stmlumi\ktgiuaky_thuctapcoso_group3\Driver\lib_stm\libLibraries.a(stm32f401re_gpio.o)
 .debug_macro   0x000000000000d1d9      0x2ee D:\stm32\stmlumi\ktgiuaky_thuctapcoso_group3\Driver\lib_stm\libLibraries.a(stm32f401re_gpio.o)
 .debug_macro   0x000000000000d4c7       0xd5 D:\stm32\stmlumi\ktgiuaky_thuctapcoso_group3\Driver\lib_stm\libLibraries.a(stm32f401re_i2c.o)
 .debug_macro   0x000000000000d59c      0x18d D:\stm32\stmlumi\ktgiuaky_thuctapcoso_group3\Driver\lib_stm\libLibraries.a(stm32f401re_rcc.o)
 .debug_macro   0x000000000000d729      0x644 D:\stm32\stmlumi\ktgiuaky_thuctapcoso_group3\Driver\lib_stm\libLibraries.a(stm32f401re_rcc.o)
 .debug_macro   0x000000000000dd6d       0xe3 D:\stm32\stmlumi\ktgiuaky_thuctapcoso_group3\Driver\lib_stm\libLibraries.a(timer.o)
 .debug_macro   0x000000000000de50       0x1c D:\stm32\stmlumi\ktgiuaky_thuctapcoso_group3\Driver\lib_stm\libLibraries.a(timer.o)
 .debug_macro   0x000000000000de6c       0x16 D:\stm32\stmlumi\ktgiuaky_thuctapcoso_group3\Driver\lib_stm\libLibraries.a(timer.o)
 .debug_macro   0x000000000000de82       0xe3 D:\stm32\stmlumi\ktgiuaky_thuctapcoso_group3\Driver\lib_stm\libLibraries.a(temhumsensor.o)
 .debug_macro   0x000000000000df65       0x76 D:\stm32\stmlumi\ktgiuaky_thuctapcoso_group3\Driver\lib_stm\libLibraries.a(temhumsensor.o)
 .debug_macro   0x000000000000dfdb      0x170 D:\stm32\stmlumi\ktgiuaky_thuctapcoso_group3\Driver\lib_stm\libLibraries.a(temhumsensor.o)
 .debug_macro   0x000000000000e14b      0x2ba D:\stm32\stmlumi\ktgiuaky_thuctapcoso_group3\Driver\lib_stm\libLibraries.a(temhumsensor.o)
 .debug_macro   0x000000000000e405      0x10a D:\stm32\stmlumi\ktgiuaky_thuctapcoso_group3\Driver\lib_stm\libLibraries.a(serial.o)
 .debug_macro   0x000000000000e50f      0x16a D:\stm32\stmlumi\ktgiuaky_thuctapcoso_group3\Driver\lib_stm\libLibraries.a(serial.o)
 .debug_macro   0x000000000000e679       0x1c D:\stm32\stmlumi\ktgiuaky_thuctapcoso_group3\Driver\lib_stm\libLibraries.a(serial.o)
 .debug_macro   0x000000000000e695       0x7c D:\stm32\stmlumi\ktgiuaky_thuctapcoso_group3\Driver\lib_stm\libLibraries.a(serial.o)